Component: ARM Compiler 5.06 update 6 (build 750) Tool: armlink [4d35ed]

==============================================================================

Section Cross References

    startup_stm32f103xb.o(STACK) refers (Special) to heapauxi.o(.text) for __use_two_region_memory
    startup_stm32f103xb.o(HEAP) refers (Special) to heapauxi.o(.text) for __use_two_region_memory
    startup_stm32f103xb.o(RESET) refers (Special) to heapauxi.o(.text) for __use_two_region_memory
    startup_stm32f103xb.o(RESET) refers to startup_stm32f103xb.o(STACK) for __initial_sp
    startup_stm32f103xb.o(RESET) refers to startup_stm32f103xb.o(.text) for Reset_Handler
    startup_stm32f103xb.o(RESET) refers to stm32f1xx_it.o(i.NMI_Handler) for NMI_Handler
    startup_stm32f103xb.o(RESET) refers to stm32f1xx_it.o(i.HardFault_Handler) for HardFault_Handler
    startup_stm32f103xb.o(RESET) refers to stm32f1xx_it.o(i.MemManage_Handler) for MemManage_Handler
    startup_stm32f103xb.o(RESET) refers to stm32f1xx_it.o(i.BusFault_Handler) for BusFault_Handler
    startup_stm32f103xb.o(RESET) refers to stm32f1xx_it.o(i.UsageFault_Handler) for UsageFault_Handler
    startup_stm32f103xb.o(RESET) refers to port.o(.emb_text) for SVC_Handler
    startup_stm32f103xb.o(RESET) refers to stm32f1xx_it.o(i.DebugMon_Handler) for DebugMon_Handler
    startup_stm32f103xb.o(RESET) refers to port.o(i.SysTick_Handler) for SysTick_Handler
    startup_stm32f103xb.o(RESET) refers to stm32f1xx_it.o(i.ADC1_2_IRQHandler) for ADC1_2_IRQHandler
    startup_stm32f103xb.o(RESET) refers to stm32f1xx_it.o(i.TIM1_UP_IRQHandler) for TIM1_UP_IRQHandler
    startup_stm32f103xb.o(RESET) refers to stm32f1xx_it.o(i.USART1_IRQHandler) for USART1_IRQHandler
    startup_stm32f103xb.o(.text) refers (Special) to heapauxi.o(.text) for __use_two_region_memory
    startup_stm32f103xb.o(.text) refers to system_stm32f1xx.o(i.SystemInit) for SystemInit
    startup_stm32f103xb.o(.text) refers to __main.o(!!!main) for __main
    startup_stm32f103xb.o(.text) refers to startup_stm32f103xb.o(HEAP) for Heap_Mem
    startup_stm32f103xb.o(.text) refers to startup_stm32f103xb.o(STACK) for Stack_Mem
    ds18b20.o(i.DS18B20_DelayMs) refers to delay_timer.o(i.DELAY_TIM_Ms) for DELAY_TIM_Ms
    ds18b20.o(i.DS18B20_DelayUs) refers to delay_timer.o(i.DELAY_TIM_Us) for DELAY_TIM_Us
    ds18b20.o(i.DS18B20_Init) refers to delay_timer.o(i.DELAY_TIM_Init) for DELAY_TIM_Init
    ds18b20.o(i.DS18B20_Read) refers to ds18b20.o(i.DS18B20_SetPinIn) for DS18B20_SetPinIn
    ds18b20.o(i.DS18B20_Read) refers to ds18b20.o(i.DS18B20_SetPinOut) for DS18B20_SetPinOut
    ds18b20.o(i.DS18B20_Read) refers to ds18b20.o(i.DS18B20_WritePin) for DS18B20_WritePin
    ds18b20.o(i.DS18B20_Read) refers to ds18b20.o(i.DS18B20_DelayUs) for DS18B20_DelayUs
    ds18b20.o(i.DS18B20_Read) refers to ds18b20.o(i.DS18B20_ReadPin) for DS18B20_ReadPin
    ds18b20.o(i.DS18B20_ReadPin) refers to stm32f1xx_hal_gpio.o(i.HAL_GPIO_ReadPin) for HAL_GPIO_ReadPin
    ds18b20.o(i.DS18B20_ReadTemp) refers to ds18b20.o(i.DS18B20_Start) for DS18B20_Start
    ds18b20.o(i.DS18B20_ReadTemp) refers to ds18b20.o(i.DS18B20_DelayMs) for DS18B20_DelayMs
    ds18b20.o(i.DS18B20_ReadTemp) refers to ds18b20.o(i.DS18B20_Write) for DS18B20_Write
    ds18b20.o(i.DS18B20_ReadTemp) refers to ds18b20.o(i.DS18B20_Read) for DS18B20_Read
    ds18b20.o(i.DS18B20_ReadTemp) refers to fflt_clz.o(x$fpl$ffltu) for __aeabi_ui2f
    ds18b20.o(i.DS18B20_SetPinIn) refers to stm32f1xx_hal_gpio.o(i.HAL_GPIO_Init) for HAL_GPIO_Init
    ds18b20.o(i.DS18B20_SetPinOut) refers to stm32f1xx_hal_gpio.o(i.HAL_GPIO_Init) for HAL_GPIO_Init
    ds18b20.o(i.DS18B20_Start) refers to ds18b20.o(i.DS18B20_SetPinOut) for DS18B20_SetPinOut
    ds18b20.o(i.DS18B20_Start) refers to ds18b20.o(i.DS18B20_WritePin) for DS18B20_WritePin
    ds18b20.o(i.DS18B20_Start) refers to ds18b20.o(i.DS18B20_DelayUs) for DS18B20_DelayUs
    ds18b20.o(i.DS18B20_Start) refers to ds18b20.o(i.DS18B20_SetPinIn) for DS18B20_SetPinIn
    ds18b20.o(i.DS18B20_Start) refers to ds18b20.o(i.DS18B20_ReadPin) for DS18B20_ReadPin
    ds18b20.o(i.DS18B20_Write) refers to ds18b20.o(i.DS18B20_SetPinOut) for DS18B20_SetPinOut
    ds18b20.o(i.DS18B20_Write) refers to ds18b20.o(i.DS18B20_WritePin) for DS18B20_WritePin
    ds18b20.o(i.DS18B20_Write) refers to ds18b20.o(i.DS18B20_DelayUs) for DS18B20_DelayUs
    ds18b20.o(i.DS18B20_Write) refers to ds18b20.o(i.DS18B20_SetPinIn) for DS18B20_SetPinIn
    ds18b20.o(i.DS18B20_WritePin) refers to stm32f1xx_hal_gpio.o(i.HAL_GPIO_WritePin) for HAL_GPIO_WritePin
    delay_timer.o(i.DELAY_TIM_Init) refers to stm32f1xx_hal_tim.o(i.HAL_TIM_Base_Start) for HAL_TIM_Base_Start
    main.o(i.CheckSetCode) refers to main.o(.data) for .data
    main.o(i.HAL_ADC_ConvCpltCallback) refers to stm32f1xx_hal_adc.o(i.HAL_ADC_GetValue) for HAL_ADC_GetValue
    main.o(i.HAL_ADC_ConvCpltCallback) refers to fflt_clz.o(x$fpl$ffltu) for __aeabi_ui2f
[...]
    _terminate_user_alloc                     - Undefined Weak Reference
    _terminateio                              - Undefined Weak Reference
    __Vectors_Size                           0x000000ec   Number         0  startup_stm32f103xb.o ABSOLUTE
    __Vectors                                0x08000000   Data           4  startup_stm32f103xb.o(RESET)
    __Vectors_End                            0x080000ec   Data           0  startup_stm32f103xb.o(RESET)
    __main                                   0x080000ed   Thumb Code     8  __main.o(!!!main)
    __scatterload                            0x080000f5   Thumb Code     0  __scatter.o(!!!scatter)
    __scatterload_rt2                        0x080000f5   Thumb Code    44  __scatter.o(!!!scatter)
    __scatterload_rt2_thumb_only             0x080000f5   Thumb Code     0  __scatter.o(!!!scatter)
    __scatterload_null                       0x08000103   Thumb Code     0  __scatter.o(!!!scatter)
    __scatterload_copy                       0x08000129   Thumb Code    26  __scatter_copy.o(!!handler_copy)
    __scatterload_zeroinit                   0x08000145   Thumb Code    28  __scatter_zi.o(!!handler_zi)
    _printf_f                                0x08000161   Thumb Code     0  _printf_f.o(.ARM.Collect$$_printf_percent$$00000003)
    _printf_percent                          0x08000161   Thumb Code     0  _printf_percent.o(.ARM.Collect$$_printf_percent$$00000000)
    _printf_d                                0x08000167   Thumb Code     0  _printf_d.o(.ARM.Collect$$_printf_percent$$00000009)
    _printf_s                                0x0800016d   Thumb Code     0  _printf_s.o(.ARM.Collect$$_printf_percent$$00000014)
    _printf_percent_end                      0x08000173   Thumb Code     0  _printf_percent_end.o(.ARM.Collect$$_printf_percent$$00000017)
    __rt_lib_init                            0x08000177   Thumb Code     0  libinit.o(.ARM.Collect$$libinit$$00000000)
    __rt_lib_init_fp_1                       0x08000179   Thumb Code     0  libinit2.o(.ARM.Collect$$libinit$$00000002)
    __rt_lib_init_heap_1                     0x08000179   Thumb Code     0  libinit2.o(.ARM.Collect$$libinit$$0000000A)
    __rt_lib_init_lc_common                  0x08000179   Thumb Code     0  libinit2.o(.ARM.Collect$$libinit$$0000000F)
    __rt_lib_init_preinit_1                  0x08000179   Thumb Code     0  libinit2.o(.ARM.Collect$$libinit$$00000004)
    __rt_lib_init_rand_1                     0x08000179   Thumb Code     0  libinit2.o(.ARM.Collect$$libinit$$0000000E)
    __rt_lib_init_user_alloc_1               0x08000179   Thumb Code     0  libinit2.o(.ARM.Collect$$libinit$$0000000C)
    __rt_lib_init_lc_collate_1               0x0800017f   Thumb Code     0  libinit2.o(.ARM.Collect$$libinit$$00000011)
    __rt_lib_init_lc_ctype_1                 0x0800017f   Thumb Code     0  libinit2.o(.ARM.Collect$$libinit$$00000013)
    __rt_lib_init_lc_monetary_1              0x0800017f   Thumb Code     0  libinit2.o(.ARM.Collect$$libinit$$00000015)
    __rt_lib_init_lc_numeric_2               0x0800017f   Thumb Code     0  libinit2.o(.ARM.Collect$$libinit$$00000016)
    __rt_lib_init_alloca_1                   0x08000189   Thumb Code     0  libinit2.o(.ARM.Collect$$libinit$$0000002E)
    __rt_lib_init_argv_1                     0x08000189   Thumb Code     0  libinit2.o(.ARM.Collect$$libinit$$0000002C)
    __rt_lib_init_atexit_1                   0x08000189   Thumb Code     0  libinit2.o(.ARM.Collect$$libinit$$0000001B)
    __rt_lib_init_clock_1                    0x08000189   Thumb Code     0  libinit2.o(.ARM.Collect$$libinit$$00000021)
    __rt_lib_init_cpp_1                      0x08000189   Thumb Code     0  libinit2.o(.ARM.Collect$$libinit$$00000032)
    __rt_lib_init_exceptions_1               0x08000189   Thumb Code     0  libinit2.o(.ARM.Collect$$libinit$$00000030)
    __rt_lib_init_fp_trap_1                  0x08000189   Thumb Code     0  libinit2.o(.ARM.Collect$$libinit$$0000001F)
    __rt_lib_init_getenv_1                   0x08000189   Thumb Code     0  libinit2.o(.ARM.Collect$$libinit$$00000023)
    __rt_lib_init_lc_numeric_1               0x08000189   Thumb Code     0  libinit2.o(.ARM.Collect$$libinit$$00000017)
    __rt_lib_init_lc_time_1                  0x08000189   Thumb Code     0  libinit2.o(.ARM.Collect$$libinit$$00000019)
    __rt_lib_init_return                     0x08000189   Thumb Code     0  libinit2.o(.ARM.Collect$$libinit$$00000033)
    __rt_lib_init_signal_1                   0x08000189   Thumb Code     0  libinit2.o(.ARM.Collect$$libinit$$0000001D)
    __rt_lib_init_stdio_1                    0x08000189   Thumb Code     0  libinit2.o(.ARM.Collect$$libinit$$00000025)
    __rt_lib_shutdown                        0x0800018b   Thumb Code     0  libshutdown.o(.ARM.Collect$$libshutdown$$00000000)
    __rt_lib_shutdown_cpp_1                  0x0800018d   Thumb Code     0  libshutdown2.o(.ARM.Collect$$libshutdown$$00000002)
    __rt_lib_shutdown_fp_trap_1              0x0800018d   Thumb Code     0  libshutdown2.o(.ARM.Collect$$libshutdown$$00000007)
    __rt_lib_shutdown_heap_1                 0x0800018d   Thumb Code     0  libshutdown2.o(.ARM.Collect$$libshutdown$$0000000F)
    __rt_lib_shutdown_return                 0x0800018d   Thumb Code     0  libshutdown2.o(.ARM.Collect$$libshutdown$$00000010)
    __rt_lib_shutdown_signal_1               0x0800018d   Thumb Code     0  libshutdown2.o(.ARM.Collect$$libshutdown$$0000000A)
    __rt_lib_shutdown_stdio_1                0x0800018d   Thumb Code     0  libshutdown2.o(.ARM.Collect$$libshutdown$$00000004)
    __rt_lib_shutdown_user_alloc_1           0x0800018d   Thumb Code     0  libshutdown2.o(.ARM.Collect$$libshutdown$$0000000C)
    __rt_entry                               0x0800018f   Thumb Code     0  __rtentry.o(.ARM.Collect$$rtentry$$00000000)
    __rt_entry_presh_1                       0x0800018f   Thumb Code     0  __rtentry2.o(.ARM.Collect$$rtentry$$00000002)
    __rt_entry_sh                            0x0800018f   Thumb Code     0  __rtentry4.o(.ARM.Collect$$rtentry$$00000004)
    __rt_entry_li                            0x08000195   Thumb Code     0  __rtentry2.o(.ARM.Collect$$rtentry$$0000000A)
    __rt_entry_postsh_1                      0x08000195   Thumb Code     0  __rtentry2.o(.ARM.Collect$$rtentry$$00000009)
    __rt_entry_main                          0x08000199   Thumb Code     0  __rtentry2.o(.ARM.Collect$$rtentry$$0000000D)
    __rt_entry_postli_1                      0x08000199   Thumb Code     0  __rtentry2.o(.ARM.Collect$$rtentry$$0000000C)
    __rt_exit                                0x080001a1   Thumb Code     0  rtexit.o(.ARM.Collect$$rtexit$$00000000)
    __rt_exit_ls                             0x080001a3   Thumb Code     0  rtexit2.o(.ARM.Collect$$rtexit$$00000003)
    __rt_exit_prels_1                        0x080001a3   Thumb Code     0  rtexit2.o(.ARM.Collect$$rtexit$$00000002)
    __rt_exit_exit                           0x080001a7   Thumb Code     0  rtexit2.o(.ARM.Collect$$rtexit$$00000004)
    SVC_Handler                              0x080001ad   Thumb Code    32  port.o(.emb_text)
    __asm___6_port_c_39a90d8d__prvStartFirstTask 0x080001d1   Thumb Code    28  port.o(.emb_text)
    PendSV_Handler                           0x080001f1   Thumb Code    72  port.o(.emb_text)
    vPortGetIPSR                             0x0800023d   Thumb Code     6  port.o(.emb_text)
    Reset_Handler                            0x08000245   Thumb Code     8  startup_stm32f103xb.o(.text)
    CAN1_RX1_IRQHandler                      0x0800025f   Thumb Code     0  startup_stm32f103xb.o(.text)
    CAN1_SCE_IRQHandler                      0x0800025f   Thumb Code     0  startup_stm32f103xb.o(.text)
    DMA1_Channel1_IRQHandler                 0x0800025f   Thumb Code     0  startup_stm32f103xb.o(.text)
    DMA1_Channel2_IRQHandler                 0x0800025f   Thumb Code     0  startup_stm32f103xb.o(.text)
    DMA1_Channel3_IRQHandler                 0x0800025f   Thumb Code     0  startup_stm32f103xb.o(.text)
    DMA1_Channel4_IRQHandler                 0x0800025f   Thumb Code     0  startup_stm32f103xb.o(.text)
    DMA1_Channel5_IRQHandler                 0x0800025f   Thumb Code     0  startup_stm32f103xb.o(.text)
    DMA1_Channel6_IRQHandler                 0x0800025f   Thumb Code     0  startup_stm32f103xb.o(.text)
    DMA1_Channel7_IRQHandler                 0x0800025f   Thumb Code     0  startup_stm32f103xb.o(.text)
    EXTI0_IRQHandler                         0x0800025f   Thumb Code     0  startup_stm32f103xb.o(.text)
    EXTI15_10_IRQHandler                     0x0800025f   Thumb Code     0  startup_stm32f103xb.o(.text)
    EXTI1_IRQHandler                         0x0800025f   Thumb Code     0  startup_stm32f103xb.o(.text)
    EXTI2_IRQHandler                         0x0800025f   Thumb Code     0  startup_stm32f103xb.o(.text)
    EXTI3_IRQHandler                         0x0800025f   Thumb Code     0  startup_stm32f103xb.o(.text)
    EXTI4_IRQHandler                         0x0800025f   Thumb Code     0  startup_stm32f103xb.o(.text)
    EXTI9_5_IRQHandler                       0x0800025f   Thumb Code     0  startup_stm32f103xb.o(.text)
    FLASH_IRQHandler                         0x0800025f   Thumb Code     0  startup_stm32f103xb.o(.text)
    I2C1_ER_IRQHandler                       0x0800025f   Thumb Code     0  startup_stm32f103xb.o(.text)
    I2C1_EV_IRQHandler                       0x0800025f   Thumb Code     0  startup_stm32f103xb.o(.text)
    I2C2_ER_IRQHandler                       0x0800025f   Thumb Code     0  startup_stm32f103xb.o(.text)
    I2C2_EV_IRQHandler                       0x0800025f   Thumb Code     0  startup_stm32f103xb.o(.text)
    PVD_IRQHandler                           0x0800025f   Thumb Code     0  startup_stm32f103xb.o(.text)
    RCC_IRQHandler                           0x0800025f   Thumb Code     0  startup_stm32f103xb.o(.text)
    RTC_Alarm_IRQHandler                     0x0800025f   Thumb Code     0  startup_stm32f103xb.o(.text)
    RTC_IRQHandler                           0x0800025f   Thumb Code     0  startup_stm32f103xb.o(.text)
    SPI1_IRQHandler                          0x0800025f   Thumb Code     0  startup_stm32f103xb.o(.text)
    SPI2_IRQHandler                          0x0800025f   Thumb Code     0  startup_stm32f103xb.o(.text)
    TAMPER_IRQHandler                        0x0800025f   Thumb Code     0  startup_stm32f103xb.o(.text)
    TIM1_BRK_IRQHandler                      0x0800025f   Thumb Code     0  startup_stm32f103xb.o(.text)
    TIM1_CC_IRQHandler                       0x0800025f   Thumb Code     0  startup_stm32f103xb.o(.text)
    TIM1_TRG_COM_IRQHandler                  0x0800025f   Thumb Code     0  startup_stm32f103xb.o(.text)
    TIM2_IRQHandler                          0x0800025f   Thumb Code     0  startup_stm32f103xb.o(.text)
    TIM3_IRQHandler                          0x0800025f   Thumb Code     0  startup_stm32f103xb.o(.text)
    TIM4_IRQHandler                          0x0800025f   Thumb Code     0  startup_stm32f103xb.o(.text)
    USART2_IRQHandler                        0x0800025f   Thumb Code     0  startup_stm32f103xb.o(.text)
    USART3_IRQHandler                        0x0800025f   Thumb Code     0  startup_stm32f103xb.o(.text)
    USBWakeUp_IRQHandler                     0x0800025f   Thumb Code     0  startup_stm32f103xb.o(.text)
    USB_HP_CAN1_TX_IRQHandler                0x0800025f   Thumb Code     0  startup_stm32f103xb.o(.text)
    USB_LP_CAN1_RX0_IRQHandler               0x0800025f   Thumb Code     0  startup_stm32f103xb.o(.text)
    WWDG_IRQHandler                          0x0800025f   Thumb Code     0  startup_stm32f103xb.o(.text)
    __user_initial_stackheap                 0x08000261   Thumb Code     0  startup_stm32f103xb.o(.text)
    __2printf                                0x08000285   Thumb Code    20  noretval__2printf.o(.text)
    _printf_pre_padding                      0x0800029d   Thumb Code    44  _printf_pad.o(.text)
    _printf_post_padding                     0x080002c9   Thumb Code    34  _printf_pad.o(.text)
    _printf_str                              0x080002eb   Thumb Code    82  _printf_str.o(.text)
    _printf_int_dec                          0x0800033d   Thumb Code   104  _printf_dec.o(.text)
    __printf                                 0x080003b5   Thumb Code   270  __printf_wp.o(.text)
    __aeabi_memcpy                           0x080004c3   Thumb Code     0  rt_memcpy_v6.o(.text)
    __rt_memcpy                              0x080004c3   Thumb Code   138  rt_memcpy_v6.o(.text)
    _memcpy_lastbytes                        0x08000529   Thumb Code     0  rt_memcpy_v6.o(.text)
    __aeabi_memcpy4                          0x0800054d   Thumb Code     0  rt_memcpy_w.o(.text)
    __aeabi_memcpy8                          0x0800054d   Thumb Code     0  rt_memcpy_w.o(.text)
    __rt_memcpy_w                            0x0800054d   Thumb Code   100  rt_memcpy_w.o(.text)
    _memcpy_lastbytes_aligned                0x08000595   Thumb Code     0  rt_memcpy_w.o(.text)
    __aeabi_memset                           0x080005b1   Thumb Code    16  aeabi_memset.o(.text)
    __aeabi_memclr4                          0x080005c1   Thumb Code     0  rt_memclr_w.o(.text)
    __aeabi_memclr8                          0x080005c1   Thumb Code     0  rt_memclr_w.o(.text)
    __rt_memclr_w                            0x080005c1   Thumb Code    78  rt_memclr_w.o(.text)
    _memset_w                                0x080005c5   Thumb Code     0  rt_memclr_w.o(.text)
    __use_two_region_memory                  0x0800060f   Thumb Code     2  heapauxi.o(.text)
    __rt_heap_escrow$2region                 0x08000611   Thumb Code     2  heapauxi.o(.text)
    __rt_heap_expand$2region                 0x08000613   Thumb Code     2  heapauxi.o(.text)
    __read_errno                             0x08000615   Thumb Code    10  _rserrno.o(.text)
    __set_errno                              0x0800061f   Thumb Code    12  _rserrno.o(.text)
    _printf_int_common                       0x0800062b   Thumb Code   178  _printf_intcommon.o(.text)
    __lib_sel_fp_printf                      0x080006dd   Thumb Code     2  _printf_fp_dec.o(.text)
    _printf_fp_dec_real                      0x0800088f   Thumb Code   620  _printf_fp_dec.o(.text)
    _printf_cs_common                        0x08000afb   Thumb Code    20  _printf_char.o(.text)
    _printf_char                             0x08000b0f   Thumb Code    16  _printf_char.o(.text)
    _printf_string                           0x08000b1f   Thumb Code     8  _printf_char.o(.text)
    _printf_char_file                        0x08000b29   Thumb Code    32  _printf_char_file.o(.text)
    __aeabi_memclr                           0x08000b4d   Thumb Code     0  rt_memclr.o(.text)
    __rt_memclr                              0x08000b4d   Thumb Code    68  rt_memclr.o(.text)
    _memset                                  0x08000b51   Thumb Code     0  rt_memclr.o(.text)
    __rt_locale                              0x08000b91   Thumb Code     8  rt_locale_intlibspace.o(.text)
    __aeabi_errno_addr                       0x08000b99   Thumb Code     8  rt_errno_addr_intlibspace.o(.text)
    __errno$intlibspace                      0x08000b99   Thumb Code     0  rt_errno_addr_intlibspace.o(.text)
    __rt_errno_addr$intlibspace              0x08000b99   Thumb Code     0  rt_errno_addr_intlibspace.o(.text)
    _ll_udiv10                               0x08000ba1   Thumb Code   138  lludiv10.o(.text)
    _printf_char_common                      0x08000c37   Thumb Code    32  _printf_char_common.o(.text)
    _printf_fp_infnan                        0x08000c5d   Thumb Code   112  _printf_fp_infnan.o(.text)
    _btod_etento                             0x08000cdd   Thumb Code   224  bigflt0.o(.text)
    __user_libspace                          0x08000dc1   Thumb Code     8  libspace.o(.text)
    __user_perproc_libspace                  0x08000dc1   Thumb Code     0  libspace.o(.text)
    __user_perthread_libspace                0x08000dc1   Thumb Code     0  libspace.o(.text)
    __user_setup_stackheap                   0x08000dc9   Thumb Code    74  sys_stackheap_outer.o(.text)
    exit                                     0x08000e13   Thumb Code    18  exit.o(.text)
    strcmp                                   0x08000e25   Thumb Code   128  strcmpv7m.o(.text)
    _sys_exit                                0x08000ea5   Thumb Code     8  sys_exit.o(.text)
    __I$use$semihosting                      0x08000eb1   Thumb Code     0  use_no_semi.o(.text)
    __use_no_semihosting_swi                 0x08000eb1   Thumb Code     2  use_no_semi.o(.text)
    __semihosting_library_function           0x08000eb3   Thumb Code     0  indicate_semi.o(.text)
    _btod_d2e                                0x08000eb3   Thumb Code    62  btod.o(CL$$btod_d2e)
    _d2e_denorm_low                          0x08000ef1   Thumb Code    70  btod.o(CL$$btod_d2e_denorm_low)
    _d2e_norm_op1                            0x08000f37   Thumb Code    96  btod.o(CL$$btod_d2e_norm_op1)
    __btod_div_common                        0x08000f97   Thumb Code   696  btod.o(CL$$btod_div_common)
    _e2e                                     0x080012cf   Thumb Code   220  btod.o(CL$$btod_e2e)
    _btod_ediv                               0x080013ab   Thumb Code    42  btod.o(CL$$btod_ediv)
    _btod_emul                               0x080013d5   Thumb Code    42  btod.o(CL$$btod_emul)
    __btod_mult_common                       0x080013ff   Thumb Code   580  btod.o(CL$$btod_mult_common)
    ADC1_2_IRQHandler                        0x08001645   Thumb Code     6  stm32f1xx_it.o(i.ADC1_2_IRQHandler)
    ADC_ConversionStop_Disable               0x08001651   Thumb Code    86  stm32f1xx_hal_adc.o(i.ADC_ConversionStop_Disable)
    ADC_Enable                               0x080016a9   Thumb Code   114  stm32f1xx_hal_adc.o(i.ADC_Enable)
    BusFault_Handler                         0x08001725   Thumb Code     2  stm32f1xx_it.o(i.BusFault_Handler)
    CheckSetCode                             0x08001729   Thumb Code    38  main.o(i.CheckSetCode)
    DELAY_TIM_Init                           0x0800175d   Thumb Code     4  delay_timer.o(i.DELAY_TIM_Init)
    DELAY_TIM_Ms                             0x08001761   Thumb Code    30  delay_timer.o(i.DELAY_TIM_Ms)
    DELAY_TIM_Us                             0x0800177f   Thumb Code    16  delay_timer.o(i.DELAY_TIM_Us)
    DS18B20_Init                             0x0800179b   Thumb Code    16  ds18b20.o(i.DS18B20_Init)
    DS18B20_ReadTemp                         0x08001803   Thumb Code    98  ds18b20.o(i.DS18B20_ReadTemp)
    DebugMon_Handler                         0x08001955   Thumb Code     2  stm32f1xx_it.o(i.DebugMon_Handler)
    HAL_ADCEx_InjectedConvCpltCallback       0x08001957   Thumb Code     2  stm32f1xx_hal_adc_ex.o(i.HAL_ADCEx_InjectedConvCpltCallback)
    HAL_ADC_ConfigChannel                    0x08001959   Thumb Code   240  stm32f1xx_hal_adc.o(i.HAL_ADC_ConfigChannel)
    HAL_ADC_ConvCpltCallback                 0x08001a55   Thumb Code    50  main.o(i.HAL_ADC_ConvCpltCallback)
    HAL_ADC_GetValue                         0x08001a9d   Thumb Code     6  stm32f1xx_hal_adc.o(i.HAL_ADC_GetValue)
    HAL_ADC_IRQHandler                       0x08001aa3   Thumb Code   230  stm32f1xx_hal_adc.o(i.HAL_ADC_IRQHandler)
    HAL_ADC_Init                             0x08001b89   Thumb Code   272  stm32f1xx_hal_adc.o(i.HAL_ADC_Init)
    HAL_ADC_LevelOutOfWindowCallback         0x08001ca5   Thumb Code     2  stm32f1xx_hal_adc.o(i.HAL_ADC_LevelOutOfWindowCallback)
    HAL_ADC_MspInit                          0x08001ca9   Thumb Code    92  stm32f1xx_hal_msp.o(i.HAL_ADC_MspInit)
    HAL_ADC_Start_IT                         0x08001d11   Thumb Code   194  stm32f1xx_hal_adc.o(i.HAL_ADC_Start_IT)
    HAL_DMA_Abort                            0x08001ddd   Thumb Code    70  stm32f1xx_hal_dma.o(i.HAL_DMA_Abort)
    HAL_DMA_Abort_IT                         0x08001e25   Thumb Code   148  stm32f1xx_hal_dma.o(i.HAL_DMA_Abort_IT)
    HAL_Delay                                0x08001ebd   Thumb Code    32  stm32f1xx_hal.o(i.HAL_Delay)
    HAL_GPIO_Init                            0x08001ee1   Thumb Code   446  stm32f1xx_hal_gpio.o(i.HAL_GPIO_Init)
    HAL_GPIO_ReadPin                         0x080020c1   Thumb Code    10  stm32f1xx_hal_gpio.o(i.HAL_GPIO_ReadPin)
    HAL_GPIO_WritePin                        0x080020cb   Thumb Code    10  stm32f1xx_hal_gpio.o(i.HAL_GPIO_WritePin)
    HAL_GetTick                              0x080020d5   Thumb Code     6  stm32f1xx_hal.o(i.HAL_GetTick)
    HAL_IncTick                              0x080020e1   Thumb Code    12  stm32f1xx_hal.o(i.HAL_IncTick)
    HAL_Init                                 0x080020f1   Thumb Code    32  stm32f1xx_hal.o(i.HAL_Init)
    HAL_InitTick                             0x08002115   Thumb Code    98  stm32f1xx_hal_timebase_tim.o(i.HAL_InitTick)
    HAL_MspInit                              0x08002189   Thumb Code    62  stm32f1xx_hal_msp.o(i.HAL_MspInit)
    HAL_NVIC_EnableIRQ                       0x080021d1   Thumb Code    26  stm32f1xx_hal_cortex.o(i.HAL_NVIC_EnableIRQ)
    HAL_NVIC_SetPriority                     0x080021ed   Thumb Code    60  stm32f1xx_hal_cortex.o(i.HAL_NVIC_SetPriority)
    HAL_NVIC_SetPriorityGrouping             0x0800222d   Thumb Code    26  stm32f1xx_hal_cortex.o(i.HAL_NVIC_SetPriorityGrouping)
    HAL_RCCEx_PeriphCLKConfig                0x08002251   Thumb Code   224  stm32f1xx_hal_rcc_ex.o(i.HAL_RCCEx_PeriphCLKConfig)
    HAL_RCC_ClockConfig                      0x0800233d   Thumb Code   280  stm32f1xx_hal_rcc.o(i.HAL_RCC_ClockConfig)
    HAL_RCC_GetClockConfig                   0x08002469   Thumb Code    54  stm32f1xx_hal_rcc.o(i.HAL_RCC_GetClockConfig)
    HAL_RCC_GetPCLK1Freq                     0x080024a9   Thumb Code    20  stm32f1xx_hal_rcc.o(i.HAL_RCC_GetPCLK1Freq)
    HAL_RCC_GetPCLK2Freq                     0x080024c9   Thumb Code    20  stm32f1xx_hal_rcc.o(i.HAL_RCC_GetPCLK2Freq)
    HAL_RCC_GetSysClockFreq                  0x080024e9   Thumb Code    74  stm32f1xx_hal_rcc.o(i.HAL_RCC_GetSysClockFreq)
    HAL_RCC_OscConfig                        0x08002555   Thumb Code   778  stm32f1xx_hal_rcc.o(i.HAL_RCC_OscConfig)
    HAL_TIMEx_BreakCallback                  0x08002875   Thumb Code     2  stm32f1xx_hal_tim_ex.o(i.HAL_TIMEx_BreakCallback)
    HAL_TIMEx_CommutCallback                 0x08002877   Thumb Code     2  stm32f1xx_hal_tim_ex.o(i.HAL_TIMEx_CommutCallback)
    HAL_TIMEx_MasterConfigSynchronization    0x08002879   Thumb Code    92  stm32f1xx_hal_tim_ex.o(i.HAL_TIMEx_MasterConfigSynchronization)
    HAL_TIM_Base_Init                        0x080028e1   Thumb Code    90  stm32f1xx_hal_tim.o(i.HAL_TIM_Base_Init)
    HAL_TIM_Base_MspInit                     0x0800293d   Thumb Code    30  stm32f1xx_hal_msp.o(i.HAL_TIM_Base_MspInit)
    HAL_TIM_Base_Start                       0x08002965   Thumb Code    66  stm32f1xx_hal_tim.o(i.HAL_TIM_Base_Start)
    HAL_TIM_Base_Start_IT                    0x080029b5   Thumb Code    76  stm32f1xx_hal_tim.o(i.HAL_TIM_Base_Start_IT)
    HAL_TIM_ConfigClockSource                0x08002a0d   Thumb Code   214  stm32f1xx_hal_tim.o(i.HAL_TIM_ConfigClockSource)
    HAL_TIM_IC_CaptureCallback               0x08002ae3   Thumb Code     2  stm32f1xx_hal_tim.o(i.HAL_TIM_IC_CaptureCallback)
    HAL_TIM_IRQHandler                       0x08002ae5   Thumb Code   358  stm32f1xx_hal_tim.o(i.HAL_TIM_IRQHandler)
    HAL_TIM_OC_DelayElapsedCallback          0x08002c4b   Thumb Code     2  stm32f1xx_hal_tim.o(i.HAL_TIM_OC_DelayElapsedCallback)
    HAL_TIM_PWM_PulseFinishedCallback        0x08002c4d   Thumb Code     2  stm32f1xx_hal_tim.o(i.HAL_TIM_PWM_PulseFinishedCallback)
    HAL_TIM_PeriodElapsedCallback            0x08002c51   Thumb Code    14  main.o(i.HAL_TIM_PeriodElapsedCallback)
    HAL_TIM_TriggerCallback                  0x08002c65   Thumb Code     2  stm32f1xx_hal_tim.o(i.HAL_TIM_TriggerCallback)
    HAL_UARTEx_RxEventCallback               0x08002c67   Thumb Code     2  stm32f1xx_hal_uart.o(i.HAL_UARTEx_RxEventCallback)
    HAL_UART_ErrorCallback                   0x08002c69   Thumb Code     2  stm32f1xx_hal_uart.o(i.HAL_UART_ErrorCallback)
    HAL_UART_IRQHandler                      0x08002c6d   Thumb Code   520  stm32f1xx_hal_uart.o(i.HAL_UART_IRQHandler)
    HAL_UART_Init                            0x08002e79   Thumb Code    98  stm32f1xx_hal_uart.o(i.HAL_UART_Init)
    HAL_UART_MspInit                         0x08002edd   Thumb Code   116  stm32f1xx_hal_msp.o(i.HAL_UART_MspInit)
    HAL_UART_Receive_IT                      0x08002f5d   Thumb Code    42  stm32f1xx_hal_uart.o(i.HAL_UART_Receive_IT)
    HAL_UART_RxCpltCallback                  0x08002f89   Thumb Code    52  main.o(i.HAL_UART_RxCpltCallback)
    HAL_UART_Transmit                        0x08002fc9   Thumb Code   178  stm32f1xx_hal_uart.o(i.HAL_UART_Transmit)
    HAL_UART_TxCpltCallback                  0x0800307b   Thumb Code     2  stm32f1xx_hal_uart.o(i.HAL_UART_TxCpltCallback)
    HardFault_Handler                        0x0800307d   Thumb Code     2  stm32f1xx_it.o(i.HardFault_Handler)
    MemManage_Handler                        0x080031b5   Thumb Code     2  stm32f1xx_it.o(i.MemManage_Handler)
    NMI_Handler                              0x080031b7   Thumb Code     2  stm32f1xx_it.o(i.NMI_Handler)
    StartHumiTask                            0x080031b9   Thumb Code   106  main.o(i.StartHumiTask)
    StartLightTask                           0x08003265   Thumb Code    96  main.o(i.StartLightTask)
    StartSetTimeTask                         0x08003301   Thumb Code   190  main.o(i.StartSetTimeTask)
    StartTempTask                            0x08003465   Thumb Code   110  main.o(i.StartTempTask)
    SysTick_Handler                          0x08003515   Thumb Code    38  port.o(i.SysTick_Handler)
    SystemClock_Config                       0x08003541   Thumb Code   120  main.o(i.SystemClock_Config)
    SystemInit                               0x080035b9   Thumb Code     2  system_stm32f1xx.o(i.SystemInit)
    TIM1_UP_IRQHandler                       0x080035bd   Thumb Code     6  stm32f1xx_it.o(i.TIM1_UP_IRQHandler)
    TIM_Base_SetConfig                       0x080035c9   Thumb Code    94  stm32f1xx_hal_tim.o(i.TIM_Base_SetConfig)
    TIM_ETR_SetConfig                        0x08003635   Thumb Code    20  stm32f1xx_hal_tim.o(i.TIM_ETR_SetConfig)
    UART_Start_Receive_IT                    0x0800384d   Thumb Code    54  stm32f1xx_hal_uart.o(i.UART_Start_Receive_IT)
    USART1_IRQHandler                        0x080038e9   Thumb Code     6  stm32f1xx_it.o(i.USART1_IRQHandler)
    UsageFault_Handler                       0x080038f5   Thumb Code     2  stm32f1xx_it.o(i.UsageFault_Handler)
    __ARM_fpclassify                         0x080038f7   Thumb Code    40  fpclassify.o(i.__ARM_fpclassify)
    __kernel_poly                            0x0800393f   Thumb Code   170  poly.o(i.__kernel_poly)
    __mathlib_dbl_divzero                    0x080039e9   Thumb Code    12  dunder.o(i.__mathlib_dbl_divzero)
    __mathlib_dbl_infnan2                    0x080039f9   Thumb Code     4  dunder.o(i.__mathlib_dbl_infnan2)
    __mathlib_dbl_invalid                    0x080039fd   Thumb Code    12  dunder.o(i.__mathlib_dbl_invalid)
    __mathlib_dbl_overflow                   0x08003a09   Thumb Code    14  dunder.o(i.__mathlib_dbl_overflow)
    __mathlib_dbl_underflow                  0x08003a19   Thumb Code    10  dunder.o(i.__mathlib_dbl_underflow)
    _is_digit                                0x08003a29   Thumb Code    14  __printf_wp.o(i._is_digit)
    do_HumiTask                              0x08003a39   Thumb Code    30  main.o(i.do_HumiTask)
    do_LightTask                             0x08003a79   Thumb Code    30  main.o(i.do_LightTask)
    do_SetTimeTask                           0x08003ab9   Thumb Code    30  main.o(i.do_SetTimeTask)
    do_TempTask                              0x08003af9   Thumb Code    30  main.o(i.do_TempTask)
    ferror                                   0x08003b39   Thumb Code     4  main.o(i.ferror)
    fputc                                    0x08003b3d   Thumb Code    20  main.o(i.fputc)
    getTime                                  0x08003b55   Thumb Code   128  main.o(i.getTime)
    main                                     0x08003bdd   Thumb Code   150  main.o(i.main)
    osDelayUntil                             0x08003c95   Thumb Code    56  cmsis_os2.o(i.osDelayUntil)
    osKernelGetTickCount                     0x08003cd1   Thumb Code    34  cmsis_os2.o(i.osKernelGetTickCount)
    osKernelInitialize                       0x08003cf9   Thumb Code    50  cmsis_os2.o(i.osKernelInitialize)
    osKernelStart                            0x08003d31   Thumb Code    58  cmsis_os2.o(i.osKernelStart)
    osSemaphoreAcquire                       0x08003d71   Thumb Code   108  cmsis_os2.o(i.osSemaphoreAcquire)
    osSemaphoreNew                           0x08003de5   Thumb Code   172  cmsis_os2.o(i.osSemaphoreNew)
    osSemaphoreRelease                       0x08003e95   Thumb Code   102  cmsis_os2.o(i.osSemaphoreRelease)
    osThreadNew                              0x08003f05   Thumb Code   160  cmsis_os2.o(i.osThreadNew)
    pow                                      0x08003fa9   Thumb Code  2512  pow.o(i.pow)
    pvPortMalloc                             0x080050c1   Thumb Code   210  heap_4.o(i.pvPortMalloc)
    pvTaskIncrementMutexHeldCount            0x08005199   Thumb Code    18  tasks.o(i.pvTaskIncrementMutexHeldCount)
    pxPortInitialiseStack                    0x080051b1   Thumb Code    32  port.o(i.pxPortInitialiseStack)
    sqrt                                     0x080051d5   Thumb Code    76  sqrt.o(i.sqrt)
    uxListRemove                             0x08005221   Thumb Code    38  list.o(i.uxListRemove)
    vApplicationGetIdleTaskMemory            0x08005249   Thumb Code    16  cmsis_os2.o(i.vApplicationGetIdleTaskMemory)
    vApplicationGetTimerTaskMemory           0x0800525d   Thumb Code    18  cmsis_os2.o(i.vApplicationGetTimerTaskMemory)
    vListInitialise                          0x08005275   Thumb Code    22  list.o(i.vListInitialise)
    vListInitialiseItem                      0x0800528b   Thumb Code     6  list.o(i.vListInitialiseItem)
    vListInsert                              0x08005291   Thumb Code    48  list.o(i.vListInsert)
    vListInsertEnd                           0x080052c1   Thumb Code    24  list.o(i.vListInsertEnd)
    vPortEnterCritical                       0x080052d9   Thumb Code    54  port.o(i.vPortEnterCritical)
    vPortExitCritical                        0x08005319   Thumb Code    34  port.o(i.vPortExitCritical)
    vPortFree                                0x08005341   Thumb Code    88  heap_4.o(i.vPortFree)
    vPortSetupTimerInterrupt                 0x0800539d   Thumb Code    32  port.o(i.vPortSetupTimerInterrupt)
    vPortValidateInterruptPriority           0x080053c1   Thumb Code    74  port.o(i.vPortValidateInterruptPriority)
    vQueueAddToRegistry                      0x08005415   Thumb Code    34  queue.o(i.vQueueAddToRegistry)
    vQueueDelete                             0x0800543d   Thumb Code    46  queue.o(i.vQueueDelete)
    vQueueUnregisterQueue                    0x0800546d   Thumb Code    36  queue.o(i.vQueueUnregisterQueue)
    vQueueWaitForMessageRestricted           0x08005495   Thumb Code    68  queue.o(i.vQueueWaitForMessageRestricted)
    vTaskDelayUntil                          0x080054d9   Thumb Code   132  tasks.o(i.vTaskDelayUntil)
    vTaskInternalSetTimeOutState             0x08005565   Thumb Code    12  tasks.o(i.vTaskInternalSetTimeOutState)
    vTaskMissedYield                         0x08005575   Thumb Code     8  tasks.o(i.vTaskMissedYield)
    vTaskPlaceOnEventList                    0x08005581   Thumb Code    44  tasks.o(i.vTaskPlaceOnEventList)
    vTaskPlaceOnEventListRestricted          0x080055b1   Thumb Code    52  tasks.o(i.vTaskPlaceOnEventListRestricted)
    vTaskPriorityDisinheritAfterTimeout      0x080055e9   Thumb Code   134  tasks.o(i.vTaskPriorityDisinheritAfterTimeout)
    vTaskStartScheduler                      0x08005679   Thumb Code   118  tasks.o(i.vTaskStartScheduler)
    vTaskSuspendAll                          0x08005701   Thumb Code    10  tasks.o(i.vTaskSuspendAll)
    vTaskSwitchContext                       0x08005711   Thumb Code    90  tasks.o(i.vTaskSwitchContext)
    xPortStartScheduler                      0x08005775   Thumb Code   154  port.o(i.xPortStartScheduler)
    xQueueCreateCountingSemaphore            0x0800581d   Thumb Code    58  queue.o(i.xQueueCreateCountingSemaphore)
    xQueueCreateCountingSemaphoreStatic      0x08005857   Thumb Code    64  queue.o(i.xQueueCreateCountingSemaphoreStatic)
    xQueueGenericCreate                      0x08005897   Thumb Code    72  queue.o(i.xQueueGenericCreate)
    xQueueGenericCreateStatic                0x080058df   Thumb Code   102  queue.o(i.xQueueGenericCreateStatic)
    xQueueGenericReset                       0x08005945   Thumb Code   132  queue.o(i.xQueueGenericReset)
    xQueueGenericSend                        0x080059cd   Thumb Code   346  queue.o(i.xQueueGenericSend)
    xQueueGenericSendFromISR                 0x08005b2d   Thumb Code   188  queue.o(i.xQueueGenericSendFromISR)
    xQueueGiveFromISR                        0x08005be9   Thumb Code   156  queue.o(i.xQueueGiveFromISR)
    xQueueReceive                            0x08005c85   Thumb Code   308  queue.o(i.xQueueReceive)
    xQueueReceiveFromISR                     0x08005dbd   Thumb Code   154  queue.o(i.xQueueReceiveFromISR)
    xQueueSemaphoreTake                      0x08005e59   Thumb Code   372  queue.o(i.xQueueSemaphoreTake)
    xTaskCheckForTimeOut                     0x08005fd1   Thumb Code   112  tasks.o(i.xTaskCheckForTimeOut)
    xTaskCreate                              0x08006045   Thumb Code    90  tasks.o(i.xTaskCreate)
    xTaskCreateStatic                        0x0800609f   Thumb Code    86  tasks.o(i.xTaskCreateStatic)
    xTaskGetSchedulerState                   0x080060f5   Thumb Code    22  tasks.o(i.xTaskGetSchedulerState)
    xTaskGetTickCount                        0x08006111   Thumb Code     6  tasks.o(i.xTaskGetTickCount)
    xTaskGetTickCountFromISR                 0x0800611d   Thumb Code    12  tasks.o(i.xTaskGetTickCountFromISR)
    xTaskIncrementTick                       0x0800612d   Thumb Code   190  tasks.o(i.xTaskIncrementTick)
    xTaskPriorityDisinherit                  0x080061f5   Thumb Code   118  tasks.o(i.xTaskPriorityDisinherit)
    xTaskPriorityInherit                     0x08006275   Thumb Code   112  tasks.o(i.xTaskPriorityInherit)
    xTaskRemoveFromEventList                 0x080062ed   Thumb Code    98  tasks.o(i.xTaskRemoveFromEventList)
    xTaskResumeAll                           0x0800635d   Thumb Code   182  tasks.o(i.xTaskResumeAll)
    xTimerCreateTimerTask                    0x08006421   Thumb Code    78  timers.o(i.xTimerCreateTimerTask)
    xTimerGenericCommand                     0x08006481   Thumb Code    98  timers.o(i.xTimerGenericCommand)
    _get_lc_numeric                          0x080064e9   Thumb Code    44  lc_numeric_c.o(locale$$code)
    __aeabi_dadd                             0x08006515   Thumb Code     0  daddsub_clz.o(x$fpl$dadd)
    _dadd                                    0x08006515   Thumb Code   332  daddsub_clz.o(x$fpl$dadd)
    __fpl_dcheck_NaN1                        0x08006665   Thumb Code    10  dcheck1.o(x$fpl$dcheck1)
    __fpl_dcmp_Inf                           0x08006675   Thumb Code    24  dcmpi.o(x$fpl$dcmpinf)
    __aeabi_ddiv                             0x0800668d   Thumb Code     0  ddiv.o(x$fpl$ddiv)
    _ddiv                                    0x0800668d   Thumb Code   552  ddiv.o(x$fpl$ddiv)
    __aeabi_d2uiz                            0x0800693d   Thumb Code     0  dfixu.o(x$fpl$dfixu)
    _dfixu                                   0x0800693d   Thumb Code    90  dfixu.o(x$fpl$dfixu)
    __aeabi_i2d                              0x08006997   Thumb Code     0  dflt_clz.o(x$fpl$dflt)
    _dflt                                    0x08006997   Thumb Code    46  dflt_clz.o(x$fpl$dflt)
    __aeabi_ui2d                             0x080069c5   Thumb Code     0  dflt_clz.o(x$fpl$dfltu)
    _dfltu                                   0x080069c5   Thumb Code    38  dflt_clz.o(x$fpl$dfltu)
    __aeabi_cdcmple                          0x080069ed   Thumb Code     0  dleqf.o(x$fpl$dleqf)
    _dcmple                                  0x080069ed   Thumb Code   120  dleqf.o(x$fpl$dleqf)
    __fpl_dcmple_InfNaN                      0x08006a4f   Thumb Code     0  dleqf.o(x$fpl$dleqf)
    __aeabi_dmul                             0x08006a65   Thumb Code     0  dmul.o(x$fpl$dmul)
    _dmul                                    0x08006a65   Thumb Code   332  dmul.o(x$fpl$dmul)
    __fpl_dnaninf                            0x08006bb9   Thumb Code   156  dnaninf.o(x$fpl$dnaninf)
    __fpl_dretinf                            0x08006c55   Thumb Code    12  dretinf.o(x$fpl$dretinf)
    __aeabi_cdrcmple                         0x08006c61   Thumb Code     0  drleqf.o(x$fpl$drleqf)
    _drcmple                                 0x08006c61   Thumb Code   108  drleqf.o(x$fpl$drleqf)
    __aeabi_drsub                            0x08006ccd   Thumb Code     0  daddsub_clz.o(x$fpl$drsb)
    _drsb                                    0x08006ccd   Thumb Code    22  daddsub_clz.o(x$fpl$drsb)
    _dsqrt                                   0x08006ce5   Thumb Code   456  dsqrt_noumaal.o(x$fpl$dsqrt)
    __aeabi_dsub                             0x08006eb1   Thumb Code     0  daddsub_clz.o(x$fpl$dsub)
    _dsub                                    0x08006eb1   Thumb Code   464  daddsub_clz.o(x$fpl$dsub)
    __aeabi_f2d                              0x08007085   Thumb Code     0  f2d.o(x$fpl$f2d)
    _f2d                                     0x08007085   Thumb Code    86  f2d.o(x$fpl$f2d)
    __aeabi_fadd                             0x080070dd   Thumb Code     0  faddsub_clz.o(x$fpl$fadd)
    _fadd                                    0x080070dd   Thumb Code   196  faddsub_clz.o(x$fpl$fadd)
    __aeabi_fdiv                             0x080071a1   Thumb Code     0  fdiv.o(x$fpl$fdiv)
    _fdiv                                    0x080071a1   Thumb Code   384  fdiv.o(x$fpl$fdiv)
    __aeabi_ui2f                             0x08007325   Thumb Code     0  fflt_clz.o(x$fpl$ffltu)
    _ffltu                                   0x08007325   Thumb Code    38  fflt_clz.o(x$fpl$ffltu)
    __aeabi_fmul                             0x0800734d   Thumb Code     0  fmul.o(x$fpl$fmul)
    _fmul                                    0x0800734d   Thumb Code   258  fmul.o(x$fpl$fmul)
    __fpl_fnaninf                            0x0800744f   Thumb Code   140  fnaninf.o(x$fpl$fnaninf)
    __fpl_fretinf                            0x080074db   Thumb Code    10  fretinf.o(x$fpl$fretinf)
    __aeabi_frsub                            0x080074e5   Thumb Code     0  faddsub_clz.o(x$fpl$frsb)
    _frsb                                    0x080074e5   Thumb Code    20  faddsub_clz.o(x$fpl$frsb)
    __aeabi_fsub                             0x080074f9   Thumb Code     0  faddsub_clz.o(x$fpl$fsub)
    _fsub                                    0x080074f9   Thumb Code   234  faddsub_clz.o(x$fpl$fsub)
    _printf_fp_dec                           0x080075e3   Thumb Code     4  printf1.o(x$fpl$printf1)
    __fpl_return_NaN                         0x080075e7   Thumb Code   100  retnan.o(x$fpl$retnan)
    __ARM_scalbn                             0x0800764b   Thumb Code    92  scalbn.o(x$fpl$scalbn)
    __fpl_cmpreturn                          0x080076a7   Thumb Code    48  trapv.o(x$fpl$trapveneer)
    __I$use$fp                               0x080076d6   Number         0  usenofp.o(x$fpl$usenofp)
    SetTimeTask_attributes                   0x080076d8   Data          36  main.o(.constdata)
    TempTask_attributes                      0x080076fc   Data          36  main.o(.constdata)
    HumiTask_attributes                      0x08007720   Data          36  main.o(.constdata)
    LightTask_attributes                     0x08007744   Data          36  main.o(.constdata)
    BinarySem_attributes                     0x08007768   Data          16  main.o(.constdata)
    AHBPrescTable                            0x08007778   Data          16  system_stm32f1xx.o(.constdata)
    APBPrescTable                            0x08007788   Data           8  system_stm32f1xx.o(.constdata)
    __mathlib_zero                           0x08007818   Data           8  qnan.o(.constdata)
    Region$$Table$$Base                      0x080078f0   Number         0  anon$$obj.o(Region$$Table)
    Region$$Table$$Limit                     0x08007910   Number         0  anon$$obj.o(Region$$Table)
    Rx_Flag                                  0x20000000   Data           1  main.o(.data)
    CheckSet                                 0x20000001   Data           1  main.o(.data)
    Rx_data                                  0x20000002   Data           1  main.o(.data)
    _rxIndex                                 0x20000003   Data           1  main.o(.data)
    u16_ADCVal                               0x20000004   Data           2  main.o(.data)
    T1                                       0x20000008   Data           4  main.o(.data)
    f_Humi                                   0x2000000c   Data           4  main.o(.data)
    SetTimeTaskHandle                        0x20000010   Data           4  main.o(.data)
    TempTaskHandle                           0x20000014   Data           4  main.o(.data)
    HumiTaskHandle                           0x20000018   Data           4  main.o(.data)
    LightTaskHandle                          0x2000001c   Data           4  main.o(.data)
    BinarySemHandle                          0x20000020   Data           4  main.o(.data)
    __stdout                                 0x20000024   Data           4  main.o(.data)
    uwTickFreq                               0x20000028   Data           1  stm32f1xx_hal.o(.data)
    uwTickPrio                               0x2000002c   Data           4  stm32f1xx_hal.o(.data)
    uwTick                                   0x20000030   Data           4  stm32f1xx_hal.o(.data)
    SystemCoreClock                          0x20000034   Data           4  system_stm32f1xx.o(.data)
    pxCurrentTCB                             0x20000038   Data           4  tasks.o(.data)
    Rx_Buffer                                0x200000b0   Data          20  main.o(.bss)
    hadc1                                    0x200000c4   Data          48  main.o(.bss)
    htim3                                    0x200000f4   Data          72  main.o(.bss)
    huart1                                   0x2000013c   Data          68  main.o(.bss)
    htim1                                    0x20000180   Data          72  stm32f1xx_hal_timebase_tim.o(.bss)
    xQueueRegistry                           0x200001c8   Data          64  queue.o(.bss)
    __libspace_start                         0x200031c4   Data          96  libspace.o(.bss)
    __temporary_stack_top$libspace           0x20003224   Data           0  libspace.o(.bss)



==============================================================================

Memory Map of the image

  Image Entry point : 0x080000ed

  Load Region LR_IROM1 (Base: 0x08000000, Size: 0x000079dc, Max: 0x00010000, ABSOLUTE)

    Execution Region ER_IROM1 (Exec base: 0x08000000, Load base: 0x08000000, Size: 0x0000792c, Max: 0x00010000, ABSOLUTE)

    Exec Addr    Load Addr    Size         Type   Attr      Idx    E Section Name        Object

    0x08000000   0x08000000   0x000000ec   Data   RO            3    RESET               startup_stm32f103xb.o
    0x080000ec   0x080000ec   0x00000008   Code   RO         4933  * !!!main             c_w.l(__main.o)
    0x080000f4   0x080000f4   0x00000034   Code   RO         5259    !!!scatter          c_w.l(__scatter.o)
    0x08000128   0x08000128   0x0000001a   Code   RO         5261    !!handler_copy      c_w.l(__scatter_copy.o)
    0x08000142   0x08000142   0x00000002   PAD
    0x08000144   0x08000144   0x0000001c   Code   RO         5263    !!handler_zi        c_w.l(__scatter_zi.o)
    0x08000160   0x08000160   0x00000000   Code   RO         4920    .ARM.Collect$$_printf_percent$$00000000  c_w.l(_printf_percent.o)
    0x08000160   0x08000160   0x00000006   Code   RO         4919    .ARM.Collect$$_printf_percent$$00000003  c_w.l(_printf_f.o)
    0x08000166   0x08000166   0x00000006   Code   RO         4918    .ARM.Collect$$_printf_percent$$00000009  c_w.l(_printf_d.o)
    0x0800016c   0x0800016c   0x00000006   Code   RO         4917    .ARM.Collect$$_printf_percent$$00000014  c_w.l(_printf_s.o)
    0x08000172   0x08000172   0x00000004   Code   RO         4996    .ARM.Collect$$_printf_percent$$00000017  c_w.l(_printf_percent_end.o)
    0x08000176   0x08000176   0x00000002   Code   RO         5126    .ARM.Collect$$libinit$$00000000  c_w.l(libinit.o)
    0x08000178   0x08000178   0x00000000   Code   RO         5128    .ARM.Collect$$libinit$$00000002  c_w.l(libinit2.o)
    0x08000178   0x08000178   0x00000000   Code   RO         5130    .ARM.Collect$$libinit$$00000004  c_w.l(libinit2.o)
    0x08000178   0x08000178   0x00000000   Code   RO         5133    .ARM.Collect$$libinit$$0000000A  c_w.l(libinit2.o)
    0x08000178   0x08000178   0x00000000   Code   RO         5135    .ARM.Collect$$libinit$$0000000C  c_w.l(libinit2.o)
    0x08000178   0x08000178   0x00000000   Code   RO         5137    .ARM.Collect$$libinit$$0000000E  c_w.l(libinit2.o)
    0x08000178   0x08000178   0x00000006   Code   RO         5138    .ARM.Collect$$libinit$$0000000F  c_w.l(libinit2.o)
    0x0800017e   0x0800017e   0x00000000   Code   RO         5140    .ARM.Collect$$libinit$$00000011  c_w.l(libinit2.o)
    0x0800017e   0x0800017e   0x00000000   Code   RO         5142    .ARM.Collect$$libinit$$00000013  c_w.l(libinit2.o)
    0x0800017e   0x0800017e   0x00000000   Code   RO         5144    .ARM.Collect$$libinit$$00000015  c_w.l(libinit2.o)
    0x0800017e   0x0800017e   0x0000000a   Code   RO         5145    .ARM.Collect$$libinit$$00000016  c_w.l(libinit2.o)
    0x08000188   0x08000188   0x00000000   Code   RO         5146    .ARM.Collect$$libinit$$00000017  c_w.l(libinit2.o)
    0x08000188   0x08000188   0x00000000   Code   RO         5148    .ARM.Collect$$libinit$$00000019  c_w.l(libinit2.o)
    0x08000188   0x08000188   0x00000000   Code   RO         5150    .ARM.Collect$$libinit$$0000001B  c_w.l(libinit2.o)
    0x08000188   0x08000188   0x00000000   Code   RO         5152    .ARM.Collect$$libinit$$0000001D  c_w.l(libinit2.o)
    0x08000188   0x08000188   0x00000000   Code   RO         5154    .ARM.Collect$$libinit$$0000001F  c_w.l(libinit2.o)
    0x08000188   0x08000188   0x00000000   Code   RO         5156    .ARM.Collect$$libinit$$00000021  c_w.l(libinit2.o)
    0x08000188   0x08000188   0x00000000   Code   RO         5158    .ARM.Collect$$libinit$$00000023  c_w.l(libinit2.o)
    0x08000188   0x08000188   0x00000000   Code   RO         5160    .ARM.Collect$$libinit$$00000025  c_w.l(libinit2.o)
    0x08000188   0x08000188   0x00000000   Code   RO         5164    .ARM.Collect$$libinit$$0000002C  c_w.l(libinit2.o)
    0x08000188   0x08000188   0x00000000   Code   RO         5166    .ARM.Collect$$libinit$$0000002E  c_w.l(libinit2.o)
    0x08000188   0x08000188   0x00000000   Code   RO         5168    .ARM.Collect$$libinit$$00000030  c_w.l(libinit2.o)
    0x08000188   0x08000188   0x00000000   Code   RO         5170    .ARM.Collect$$libinit$$00000032  c_w.l(libinit2.o)
    0x08000188   0x08000188   0x00000002   Code   RO         5171    .ARM.Collect$$libinit$$00000033  c_w.l(libinit2.o)
    0x0800018a   0x0800018a   0x00000002   Code   RO         5207    .ARM.Collect$$libshutdown$$00000000  c_w.l(libshutdown.o)
    0x0800018c   0x0800018c   0x00000000   Code   RO         5218    .ARM.Collect$$libshutdown$$00000002  c_w.l(libshutdown2.o)
    0x0800018c   0x0800018c   0x00000000   Code   RO         5220    .ARM.Collect$$libshutdown$$00000004  c_w.l(libshutdown2.o)
    0x0800018c   0x0800018c   0x00000000   Code   RO         5223    .ARM.Collect$$libshutdown$$00000007  c_w.l(libshutdown2.o)
    0x0800018c   0x0800018c   0x00000000   Code   RO         5226    .ARM.Collect$$libshutdown$$0000000A  c_w.l(libshutdown2.o)
    0x0800018c   0x0800018c   0x00000000   Code   RO         5228    .ARM.Collect$$libshutdown$$0000000C  c_w.l(libshutdown2.o)
    0x0800018c   0x0800018c   0x00000000   Code   RO         5231    .ARM.Collect$$libshutdown$$0000000F  c_w.l(libshutdown2.o)
    0x0800018c   0x0800018c   0x00000002   Code   RO         5232    .ARM.Collect$$libshutdown$$00000010  c_w.l(libshutdown2.o)
    0x0800018e   0x0800018e   0x00000000   Code   RO         4985    .ARM.Collect$$rtentry$$00000000  c_w.l(__rtentry.o)
    0x0800018e   0x0800018e   0x00000000   Code   RO         5044    .ARM.Collect$$rtentry$$00000002  c_w.l(__rtentry2.o)
    0x0800018e   0x0800018e   0x00000006   Code   RO         5056    .ARM.Collect$$rtentry$$00000004  c_w.l(__rtentry4.o)
    0x08000194   0x08000194   0x00000000   Code   RO         5046    .ARM.Collect$$rtentry$$00000009  c_w.l(__rtentry2.o)
    0x08000194   0x08000194   0x00000004   Code   RO         5047    .ARM.Collect$$rtentry$$0000000A  c_w.l(__rtentry2.o)
    0x08000198   0x08000198   0x00000000   Code   RO         5049    .ARM.Collect$$rtentry$$0000000C  c_w.l(__rtentry2.o)
    0x08000198   0x08000198   0x00000008   Code   RO         5050    .ARM.Collect$$rtentry$$0000000D  c_w.l(__rtentry2.o)
    0x080001a0   0x080001a0   0x00000002   Code   RO         5176    .ARM.Collect$$rtexit$$00000000  c_w.l(rtexit.o)
    0x080001a2   0x080001a2   0x00000000   Code   RO         5185    .ARM.Collect$$rtexit$$00000002  c_w.l(rtexit2.o)
    0x080001a2   0x080001a2   0x00000004   Code   RO         5186    .ARM.Collect$$rtexit$$00000003  c_w.l(rtexit2.o)
    0x080001a6   0x080001a6   0x00000006   Code   RO         5187    .ARM.Collect$$rtexit$$00000004  c_w.l(rtexit2.o)
    0x080001ac   0x080001ac   0x00000096   Code   RO         4804    .emb_text           port.o
    0x08000242   0x08000242   0x00000002   PAD
    0x08000244   0x08000244   0x00000040   Code   RO            4    .text               startup_stm32f103xb.o
    0x08000284   0x08000284   0x00000018   Code   RO         4887    .text               c_w.l(noretval__2printf.o)
    0x0800029c   0x0800029c   0x0000004e   Code   RO         4891    .text               c_w.l(_printf_pad.o)
    0x080002ea   0x080002ea   0x00000052   Code   RO         4893    .text               c_w.l(_printf_str.o)
    0x0800033c   0x0800033c   0x00000078   Code   RO         4895    .text               c_w.l(_printf_dec.o)
    0x080003b4   0x080003b4   0x0000010e   Code   RO         4905    .text               c_w.l(__printf_wp.o)
    0x080004c2   0x080004c2   0x0000008a   Code   RO         4921    .text               c_w.l(rt_memcpy_v6.o)
    0x0800054c   0x0800054c   0x00000064   Code   RO         4923    .text               c_w.l(rt_memcpy_w.o)
    0x080005b0   0x080005b0   0x00000010   Code   RO         4927    .text               c_w.l(aeabi_memset.o)
    0x080005c0   0x080005c0   0x0000004e   Code   RO         4929    .text               c_w.l(rt_memclr_w.o)
    0x0800060e   0x0800060e   0x00000006   Code   RO         4931    .text               c_w.l(heapauxi.o)
    0x08000614   0x08000614   0x00000016   Code   RO         4986    .text               c_w.l(_rserrno.o)
    0x0800062a   0x0800062a   0x000000b2   Code   RO         4988    .text               c_w.l(_printf_intcommon.o)
    0x080006dc   0x080006dc   0x0000041e   Code   RO         4990    .text               c_w.l(_printf_fp_dec.o)
    0x08000afa   0x08000afa   0x0000002c   Code   RO         4992    .text               c_w.l(_printf_char.o)
    0x08000b26   0x08000b26   0x00000002   PAD
    0x08000b28   0x08000b28   0x00000024   Code   RO         4994    .text               c_w.l(_printf_char_file.o)
    0x08000b4c   0x08000b4c   0x00000044   Code   RO         4997    .text               c_w.l(rt_memclr.o)
    0x08000b90   0x08000b90   0x00000008   Code   RO         5061    .text               c_w.l(rt_locale_intlibspace.o)
    0x08000b98   0x08000b98   0x00000008   Code   RO         5066    .text               c_w.l(rt_errno_addr_intlibspace.o)
    0x08000ba0   0x08000ba0   0x0000008a   Code   RO         5068    .text               c_w.l(lludiv10.o)
    0x08000c2a   0x08000c2a   0x00000002   PAD
    0x08000c2c   0x08000c2c   0x00000030   Code   RO         5070    .text               c_w.l(_printf_char_common.o)
    0x08000c5c   0x08000c5c   0x00000080   Code   RO         5072    .text               c_w.l(_printf_fp_infnan.o)
    0x08000cdc   0x08000cdc   0x000000e4   Code   RO         5074    .text               c_w.l(bigflt0.o)
    0x08000dc0   0x08000dc0   0x00000008   Code   RO         5110    .text               c_w.l(libspace.o)
    0x08000dc8   0x08000dc8   0x0000004a   Code   RO         5113    .text               c_w.l(sys_stackheap_outer.o)
    0x08000e12   0x08000e12   0x00000012   Code   RO         5117    .text               c_w.l(exit.o)
    0x08000e24   0x08000e24   0x00000080   Code   RO         5119    .text               c_w.l(strcmpv7m.o)
    0x08000ea4   0x08000ea4   0x0000000c   Code   RO         5197    .text               c_w.l(sys_exit.o)
    0x08000eb0   0x08000eb0   0x00000002   Code   RO         5208    .text               c_w.l(use_no_semi.o)
    0x08000eb2   0x08000eb2   0x00000000   Code   RO         5210    .text               c_w.l(indicate_semi.o)
    0x08000eb2   0x08000eb2   0x0000003e   Code   RO         5077    CL$$btod_d2e        c_w.l(btod.o)
    0x08000ef0   0x08000ef0   0x00000046   Code   RO         5079    CL$$btod_d2e_denorm_low  c_w.l(btod.o)
    0x08000f36   0x08000f36   0x00000060   Code   RO         5078    CL$$btod_d2e_norm_op1  c_w.l(btod.o)
    0x08000f96   0x08000f96   0x00000338   Code   RO         5087    CL$$btod_div_common  c_w.l(btod.o)
    0x080012ce   0x080012ce   0x000000dc   Code   RO         5084    CL$$btod_e2e        c_w.l(btod.o)
    0x080013aa   0x080013aa   0x0000002a   Code   RO         5081    CL$$btod_ediv       c_w.l(btod.o)
    0x080013d4   0x080013d4   0x0000002a   Code   RO         5080    CL$$btod_emul       c_w.l(btod.o)
    0x080013fe   0x080013fe   0x00000244   Code   RO         5086    CL$$btod_mult_common  c_w.l(btod.o)
    0x08001642   0x08001642   0x00000002   PAD
    0x08001644   0x08001644   0x0000000c   Code   RO          435    i.ADC1_2_IRQHandler  stm32f1xx_it.o
    0x08001650   0x08001650   0x00000056   Code   RO          646    i.ADC_ConversionStop_Disable  stm32f1xx_hal_adc.o
    0x080016a6   0x080016a6   0x00000002   PAD
    0x080016a8   0x080016a8   0x0000007c   Code   RO          650    i.ADC_Enable        stm32f1xx_hal_adc.o
    0x08001724   0x08001724   0x00000002   Code   RO          436    i.BusFault_Handler  stm32f1xx_it.o
    0x08001726   0x08001726   0x00000002   PAD
    0x08001728   0x08001728   0x00000034   Code   RO          221    i.CheckSetCode      main.o
    0x0800175c   0x0800175c   0x00000004   Code   RO          185    i.DELAY_TIM_Init    delay_timer.o
    0x08001760   0x08001760   0x0000001e   Code   RO          186    i.DELAY_TIM_Ms      delay_timer.o
    0x0800177e   0x0800177e   0x00000010   Code   RO          187    i.DELAY_TIM_Us      delay_timer.o
    0x0800178e   0x0800178e   0x00000006   Code   RO           13    i.DS18B20_DelayMs   ds18b20.o
    0x08001794   0x08001794   0x00000006   Code   RO           14    i.DS18B20_DelayUs   ds18b20.o
    0x0800179a   0x0800179a   0x00000010   Code   RO           15    i.DS18B20_Init      ds18b20.o
    0x080017aa   0x080017aa   0x00000050   Code   RO           16    i.DS18B20_Read      ds18b20.o
    0x080017fa   0x080017fa   0x00000008   Code   RO           17    i.DS18B20_ReadPin   ds18b20.o
    0x08001802   0x08001802   0x00000062   Code   RO           18    i.DS18B20_ReadTemp  ds18b20.o
    0x08001864   0x08001864   0x0000001e   Code   RO           19    i.DS18B20_SetPinIn  ds18b20.o
    0x08001882   0x08001882   0x00000022   Code   RO           20    i.DS18B20_SetPinOut  ds18b20.o
    0x080018a4   0x080018a4   0x00000042   Code   RO           21    i.DS18B20_Start     ds18b20.o
    0x080018e6   0x080018e6   0x00000062   Code   RO           22    i.DS18B20_Write     ds18b20.o
    0x08001948   0x08001948   0x0000000c   Code   RO           23    i.DS18B20_WritePin  ds18b20.o
    0x08001954   0x08001954   0x00000002   Code   RO          437    i.DebugMon_Handler  stm32f1xx_it.o
    0x08001956   0x08001956   0x00000002   Code   RO          828    i.HAL_ADCEx_InjectedConvCpltCallback  stm32f1xx_hal_adc_ex.o
    0x08001958   0x08001958   0x000000fc   Code   RO          652    i.HAL_ADC_ConfigChannel  stm32f1xx_hal_adc.o
    0x08001a54   0x08001a54   0x00000048   Code   RO          223    i.HAL_ADC_ConvCpltCallback  main.o
    0x08001a9c   0x08001a9c   0x00000006   Code   RO          659    i.HAL_ADC_GetValue  stm32f1xx_hal_adc.o
    0x08001aa2   0x08001aa2   0x000000e6   Code   RO          660    i.HAL_ADC_IRQHandler  stm32f1xx_hal_adc.o
    0x08001b88   0x08001b88   0x0000011c   Code   RO          661    i.HAL_ADC_Init      stm32f1xx_hal_adc.o
    0x08001ca4   0x08001ca4   0x00000002   Code   RO          662    i.HAL_ADC_LevelOutOfWindowCallback  stm32f1xx_hal_adc.o
    0x08001ca6   0x08001ca6   0x00000002   PAD
    0x08001ca8   0x08001ca8   0x00000068   Code   RO          512    i.HAL_ADC_MspInit   stm32f1xx_hal_msp.o
    0x08001d10   0x08001d10   0x000000cc   Code   RO          669    i.HAL_ADC_Start_IT  stm32f1xx_hal_adc.o
    0x08001ddc   0x08001ddc   0x00000046   Code   RO         1301    i.HAL_DMA_Abort     stm32f1xx_hal_dma.o
    0x08001e22   0x08001e22   0x00000002   PAD
    0x08001e24   0x08001e24   0x00000098   Code   RO         1302    i.HAL_DMA_Abort_IT  stm32f1xx_hal_dma.o
    0x08001ebc   0x08001ebc   0x00000024   Code   RO          929    i.HAL_Delay         stm32f1xx_hal.o
    0x08001ee0   0x08001ee0   0x000001e0   Code   RO         1237    i.HAL_GPIO_Init     stm32f1xx_hal_gpio.o
    0x080020c0   0x080020c0   0x0000000a   Code   RO         1239    i.HAL_GPIO_ReadPin  stm32f1xx_hal_gpio.o
    0x080020ca   0x080020ca   0x0000000a   Code   RO         1241    i.HAL_GPIO_WritePin  stm32f1xx_hal_gpio.o
    0x080020d4   0x080020d4   0x0000000c   Code   RO          933    i.HAL_GetTick       stm32f1xx_hal.o
    0x080020e0   0x080020e0   0x00000010   Code   RO          939    i.HAL_IncTick       stm32f1xx_hal.o
    0x080020f0   0x080020f0   0x00000024   Code   RO          940    i.HAL_Init          stm32f1xx_hal.o
    0x08002114   0x08002114   0x00000074   Code   RO          571    i.HAL_InitTick      stm32f1xx_hal_timebase_tim.o
    0x08002188   0x08002188   0x00000048   Code   RO          513    i.HAL_MspInit       stm32f1xx_hal_msp.o
    0x080021d0   0x080021d0   0x0000001a   Code   RO         1397    i.HAL_NVIC_EnableIRQ  stm32f1xx_hal_cortex.o
    0x080021ea   0x080021ea   0x00000002   PAD
    0x080021ec   0x080021ec   0x00000040   Code   RO         1403    i.HAL_NVIC_SetPriority  stm32f1xx_hal_cortex.o
    0x0800222c   0x0800222c   0x00000024   Code   RO         1404    i.HAL_NVIC_SetPriorityGrouping  stm32f1xx_hal_cortex.o
    0x08002250   0x08002250   0x000000ec   Code   RO         1200    i.HAL_RCCEx_PeriphCLKConfig  stm32f1xx_hal_rcc_ex.o
    0x0800233c   0x0800233c   0x0000012c   Code   RO         1097    i.HAL_RCC_ClockConfig  stm32f1xx_hal_rcc.o
    0x08002468   0x08002468   0x00000040   Code   RO         1101    i.HAL_RCC_GetClockConfig  stm32f1xx_hal_rcc.o
    0x080024a8   0x080024a8   0x00000020   Code   RO         1104    i.HAL_RCC_GetPCLK1Freq  stm32f1xx_hal_rcc.o
    0x080024c8   0x080024c8   0x00000020   Code   RO         1105    i.HAL_RCC_GetPCLK2Freq  stm32f1xx_hal_rcc.o
    0x080024e8   0x080024e8   0x0000006c   Code   RO         1106    i.HAL_RCC_GetSysClockFreq  stm32f1xx_hal_rcc.o
    0x08002554   0x08002554   0x00000320   Code   RO         1109    i.HAL_RCC_OscConfig  stm32f1xx_hal_rcc.o
    0x08002874   0x08002874   0x00000002   Code   RO         2603    i.HAL_TIMEx_BreakCallback  stm32f1xx_hal_tim_ex.o
    0x08002876   0x08002876   0x00000002   Code   RO         2604    i.HAL_TIMEx_CommutCallback  stm32f1xx_hal_tim_ex.o
    0x08002878   0x08002878   0x00000068   Code   RO         2622    i.HAL_TIMEx_MasterConfigSynchronization  stm32f1xx_hal_tim_ex.o
    0x080028e0   0x080028e0   0x0000005a   Code   RO         1899    i.HAL_TIM_Base_Init  stm32f1xx_hal_tim.o
    0x0800293a   0x0800293a   0x00000002   PAD
    0x0800293c   0x0800293c   0x00000028   Code   RO          515    i.HAL_TIM_Base_MspInit  stm32f1xx_hal_msp.o
    0x08002964   0x08002964   0x00000050   Code   RO         1902    i.HAL_TIM_Base_Start  stm32f1xx_hal_tim.o
    0x080029b4   0x080029b4   0x00000058   Code   RO         1904    i.HAL_TIM_Base_Start_IT  stm32f1xx_hal_tim.o
    0x08002a0c   0x08002a0c   0x000000d6   Code   RO         1908    i.HAL_TIM_ConfigClockSource  stm32f1xx_hal_tim.o
    0x08002ae2   0x08002ae2   0x00000002   Code   RO         1933    i.HAL_TIM_IC_CaptureCallback  stm32f1xx_hal_tim.o
    0x08002ae4   0x08002ae4   0x00000166   Code   RO         1947    i.HAL_TIM_IRQHandler  stm32f1xx_hal_tim.o
    0x08002c4a   0x08002c4a   0x00000002   Code   RO         1950    i.HAL_TIM_OC_DelayElapsedCallback  stm32f1xx_hal_tim.o
    0x08002c4c   0x08002c4c   0x00000002   Code   RO         1977    i.HAL_TIM_PWM_PulseFinishedCallback  stm32f1xx_hal_tim.o
    0x08002c4e   0x08002c4e   0x00000002   PAD
    0x08002c50   0x08002c50   0x00000014   Code   RO          224    i.HAL_TIM_PeriodElapsedCallback  main.o
    0x08002c64   0x08002c64   0x00000002   Code   RO         1990    i.HAL_TIM_TriggerCallback  stm32f1xx_hal_tim.o
    0x08002c66   0x08002c66   0x00000002   Code   RO         2881    i.HAL_UARTEx_RxEventCallback  stm32f1xx_hal_uart.o
    0x08002c68   0x08002c68   0x00000002   Code   RO         2895    i.HAL_UART_ErrorCallback  stm32f1xx_hal_uart.o
    0x08002c6a   0x08002c6a   0x00000002   PAD
    0x08002c6c   0x08002c6c   0x0000020c   Code   RO         2898    i.HAL_UART_IRQHandler  stm32f1xx_hal_uart.o
    0x08002e78   0x08002e78   0x00000062   Code   RO         2899    i.HAL_UART_Init     stm32f1xx_hal_uart.o
    0x08002eda   0x08002eda   0x00000002   PAD
    0x08002edc   0x08002edc   0x00000080   Code   RO          517    i.HAL_UART_MspInit  stm32f1xx_hal_msp.o
    0x08002f5c   0x08002f5c   0x0000002a   Code   RO         2904    i.HAL_UART_Receive_IT  stm32f1xx_hal_uart.o
    0x08002f86   0x08002f86   0x00000002   PAD
    0x08002f88   0x08002f88   0x00000040   Code   RO          225    i.HAL_UART_RxCpltCallback  main.o
    0x08002fc8   0x08002fc8   0x000000b2   Code   RO         2907    i.HAL_UART_Transmit  stm32f1xx_hal_uart.o
    0x0800307a   0x0800307a   0x00000002   Code   RO         2910    i.HAL_UART_TxCpltCallback  stm32f1xx_hal_uart.o
    0x0800307c   0x0800307c   0x00000002   Code   RO          438    i.HardFault_Handler  stm32f1xx_it.o
    0x0800307e   0x0800307e   0x00000002   PAD
    0x08003080   0x08003080   0x0000004c   Code   RO          226    i.MX_ADC1_Init      main.o
    0x080030cc   0x080030cc   0x00000080   Code   RO          227    i.MX_GPIO_Init      main.o
    0x0800314c   0x0800314c   0x00000068   Code   RO          228    i.MX_TIM3_Init      main.o
    0x080031b4   0x080031b4   0x00000002   Code   RO          439    i.MemManage_Handler  stm32f1xx_it.o
    0x080031b6   0x080031b6   0x00000002   Code   RO          440    i.NMI_Handler       stm32f1xx_it.o
    0x080031b8   0x080031b8   0x000000ac   Code   RO          229    i.StartHumiTask     main.o
    0x08003264   0x08003264   0x0000009c   Code   RO          230    i.StartLightTask    main.o
    0x08003300   0x08003300   0x00000164   Code   RO          231    i.StartSetTimeTask  main.o
    0x08003464   0x08003464   0x000000b0   Code   RO          232    i.StartTempTask     main.o
    0x08003514   0x08003514   0x0000002c   Code   RO         4805    i.SysTick_Handler   port.o
    0x08003540   0x08003540   0x00000078   Code   RO          233    i.SystemClock_Config  main.o
    0x080035b8   0x080035b8   0x00000002   Code   RO         3228    i.SystemInit        system_stm32f1xx.o
    0x080035ba   0x080035ba   0x00000002   PAD
    0x080035bc   0x080035bc   0x0000000c   Code   RO          441    i.TIM1_UP_IRQHandler  stm32f1xx_it.o
    0x080035c8   0x080035c8   0x0000006c   Code   RO         1992    i.TIM_Base_SetConfig  stm32f1xx_hal_tim.o
    0x08003634   0x08003634   0x00000014   Code   RO         2003    i.TIM_ETR_SetConfig  stm32f1xx_hal_tim.o
    0x08003648   0x08003648   0x00000010   Code   RO         2004    i.TIM_ITRx_SetConfig  stm32f1xx_hal_tim.o
    0x08003658   0x08003658   0x00000022   Code   RO         2010    i.TIM_TI1_ConfigInputStage  stm32f1xx_hal_tim.o
    0x0800367a   0x0800367a   0x00000024   Code   RO         2012    i.TIM_TI2_ConfigInputStage  stm32f1xx_hal_tim.o
    0x0800369e   0x0800369e   0x00000010   Code   RO         2912    i.UART_DMAAbortOnError  stm32f1xx_hal_uart.o
    0x080036ae   0x080036ae   0x00000030   Code   RO         2922    i.UART_EndRxTransfer  stm32f1xx_hal_uart.o
    0x080036de   0x080036de   0x000000b6   Code   RO         2924    i.UART_Receive_IT   stm32f1xx_hal_uart.o
    0x08003794   0x08003794   0x000000b8   Code   RO         2925    i.UART_SetConfig    stm32f1xx_hal_uart.o
    0x0800384c   0x0800384c   0x00000036   Code   RO         2927    i.UART_Start_Receive_IT  stm32f1xx_hal_uart.o
    0x08003882   0x08003882   0x00000064   Code   RO         2928    i.UART_WaitOnFlagUntilTimeout  stm32f1xx_hal_uart.o
    0x080038e6   0x080038e6   0x00000002   PAD
    0x080038e8   0x080038e8   0x0000000c   Code   RO          442    i.USART1_IRQHandler  stm32f1xx_it.o
    0x080038f4   0x080038f4   0x00000002   Code   RO          443    i.UsageFault_Handler  stm32f1xx_it.o
    0x080038f6   0x080038f6   0x00000028   Code   RO         5030    i.__ARM_fpclassify  m_ws.l(fpclassify.o)
    0x0800391e   0x0800391e   0x00000020   Code   RO         1410    i.__NVIC_SetPriority  stm32f1xx_hal_cortex.o
    0x0800393e   0x0800393e   0x000000aa   Code   RO         5032    i.__kernel_poly     m_ws.l(poly.o)
    0x080039e8   0x080039e8   0x00000010   Code   RO         5016    i.__mathlib_dbl_divzero  m_ws.l(dunder.o)
    0x080039f8   0x080039f8   0x00000004   Code   RO         5018    i.__mathlib_dbl_infnan2  m_ws.l(dunder.o)
    0x080039fc   0x080039fc   0x0000000c   Code   RO         5019    i.__mathlib_dbl_invalid  m_ws.l(dunder.o)
    0x08003a08   0x08003a08   0x0000000e   Code   RO         5020    i.__mathlib_dbl_overflow  m_ws.l(dunder.o)
    0x08003a16   0x08003a16   0x00000002   PAD
    0x08003a18   0x08003a18   0x00000010   Code   RO         5022    i.__mathlib_dbl_underflow  m_ws.l(dunder.o)
    0x08003a28   0x08003a28   0x0000000e   Code   RO         4907    i._is_digit         c_w.l(__printf_wp.o)
    0x08003a36   0x08003a36   0x00000002   PAD
    0x08003a38   0x08003a38   0x00000040   Code   RO          234    i.do_HumiTask       main.o
    0x08003a78   0x08003a78   0x00000040   Code   RO          235    i.do_LightTask      main.o
    0x08003ab8   0x08003ab8   0x00000040   Code   RO          236    i.do_SetTimeTask    main.o
    0x08003af8   0x08003af8   0x00000040   Code   RO          237    i.do_TempTask       main.o
    0x08003b38   0x08003b38   0x00000004   Code   RO          238    i.ferror            main.o
    0x08003b3c   0x08003b3c   0x00000018   Code   RO          239    i.fputc             main.o
    0x08003b54   0x08003b54   0x00000088   Code   RO          240    i.getTime           main.o
    0x08003bdc   0x08003bdc   0x000000b8   Code   RO          241    i.main              main.o
    0x08003c94   0x08003c94   0x0000003c   Code   RO         4335    i.osDelayUntil      cmsis_os2.o
    0x08003cd0   0x08003cd0   0x00000028   Code   RO         4346    i.osKernelGetTickCount  cmsis_os2.o
    0x08003cf8   0x08003cf8   0x00000038   Code   RO         4348    i.osKernelInitialize  cmsis_os2.o
    0x08003d30   0x08003d30   0x00000040   Code   RO         4351    i.osKernelStart     cmsis_os2.o
    0x08003d70   0x08003d70   0x00000074   Code   RO         4367    i.osSemaphoreAcquire  cmsis_os2.o
    0x08003de4   0x08003de4   0x000000b0   Code   RO         4370    i.osSemaphoreNew    cmsis_os2.o
    0x08003e94   0x08003e94   0x00000070   Code   RO         4371    i.osSemaphoreRelease  cmsis_os2.o
    0x08003f04   0x08003f04   0x000000a4   Code   RO         4385    i.osThreadNew       cmsis_os2.o
    0x08003fa8   0x08003fa8   0x000009d8   Code   RO         4976    i.pow               m_ws.l(pow.o)
    0x08004980   0x08004980   0x0000005c   Code   RO         3830    i.prvAddCurrentTaskToDelayedList  tasks.o
    0x080049dc   0x080049dc   0x000000d0   Code   RO         3831    i.prvAddNewTaskToReadyList  tasks.o
    0x08004aac   0x08004aac   0x00000058   Code   RO         4180    i.prvCheckForValidListAndQueue  timers.o
    0x08004b04   0x08004b04   0x00000026   Code   RO         3433    i.prvCopyDataFromQueue  queue.o
    0x08004b2a   0x08004b2a   0x0000006c   Code   RO         3434    i.prvCopyDataToQueue  queue.o
    0x08004b96   0x08004b96   0x00000034   Code   RO         3832    i.prvDeleteTCB      tasks.o
    0x08004bca   0x08004bca   0x00000002   PAD
    0x08004bcc   0x08004bcc   0x00000048   Code   RO         4755    i.prvHeapInit       heap_4.o
    0x08004c14   0x08004c14   0x00000060   Code   RO         3833    i.prvIdleTask       tasks.o
    0x08004c74   0x08004c74   0x00000022   Code   RO         3436    i.prvInitialiseNewQueue  queue.o
    0x08004c96   0x08004c96   0x0000009c   Code   RO         3834    i.prvInitialiseNewTask  tasks.o
    0x08004d32   0x08004d32   0x00000002   PAD
    0x08004d34   0x08004d34   0x0000004c   Code   RO         4756    i.prvInsertBlockIntoFreeList  heap_4.o
    0x08004d80   0x08004d80   0x00000038   Code   RO         4182    i.prvInsertTimerInActiveList  timers.o
    0x08004db8   0x08004db8   0x0000001c   Code   RO         3437    i.prvIsQueueEmpty   queue.o
    0x08004dd4   0x08004dd4   0x000000cc   Code   RO         4183    i.prvProcessReceivedCommands  timers.o
    0x08004ea0   0x08004ea0   0x000000b4   Code   RO         4184    i.prvProcessTimerOrBlockTask  timers.o
    0x08004f54   0x08004f54   0x00000020   Code   RO         3836    i.prvResetNextTaskUnblockTime  tasks.o
    0x08004f74   0x08004f74   0x00000028   Code   RO         4185    i.prvSampleTimeNow  timers.o
    0x08004f9c   0x08004f9c   0x0000006c   Code   RO         4186    i.prvSwitchTimerLists  timers.o
    0x08005008   0x08005008   0x00000028   Code   RO         4806    i.prvTaskExitError  port.o
    0x08005030   0x08005030   0x00000024   Code   RO         4187    i.prvTimerTask      timers.o
    0x08005054   0x08005054   0x0000006a   Code   RO         3438    i.prvUnlockQueue    queue.o
    0x080050be   0x080050be   0x00000002   PAD
    0x080050c0   0x080050c0   0x000000d8   Code   RO         4757    i.pvPortMalloc      heap_4.o
    0x08005198   0x08005198   0x00000018   Code   RO         3839    i.pvTaskIncrementMutexHeldCount  tasks.o
    0x080051b0   0x080051b0   0x00000024   Code   RO         4807    i.pxPortInitialiseStack  port.o
    0x080051d4   0x080051d4   0x0000004c   Code   RO         5036    i.sqrt              m_ws.l(sqrt.o)
    0x08005220   0x08005220   0x00000026   Code   RO         3393    i.uxListRemove      list.o
    0x08005246   0x08005246   0x00000002   PAD
    0x08005248   0x08005248   0x00000014   Code   RO         4397    i.vApplicationGetIdleTaskMemory  cmsis_os2.o
    0x0800525c   0x0800525c   0x00000018   Code   RO         4398    i.vApplicationGetTimerTaskMemory  cmsis_os2.o
    0x08005274   0x08005274   0x00000016   Code   RO         3394    i.vListInitialise   list.o
    0x0800528a   0x0800528a   0x00000006   Code   RO         3395    i.vListInitialiseItem  list.o
    0x08005290   0x08005290   0x00000030   Code   RO         3396    i.vListInsert       list.o
    0x080052c0   0x080052c0   0x00000018   Code   RO         3397    i.vListInsertEnd    list.o
    0x080052d8   0x080052d8   0x00000040   Code   RO         4809    i.vPortEnterCritical  port.o
    0x08005318   0x08005318   0x00000028   Code   RO         4810    i.vPortExitCritical  port.o
    0x08005340   0x08005340   0x0000005c   Code   RO         4758    i.vPortFree         heap_4.o
    0x0800539c   0x0800539c   0x00000024   Code   RO         4811    i.vPortSetupTimerInterrupt  port.o
    0x080053c0   0x080053c0   0x00000054   Code   RO         4812    i.vPortValidateInterruptPriority  port.o
    0x08005414   0x08005414   0x00000028   Code   RO         3444    i.vQueueAddToRegistry  queue.o
    0x0800543c   0x0800543c   0x0000002e   Code   RO         3445    i.vQueueDelete      queue.o
    0x0800546a   0x0800546a   0x00000002   PAD
    0x0800546c   0x0800546c   0x00000028   Code   RO         3447    i.vQueueUnregisterQueue  queue.o
    0x08005494   0x08005494   0x00000044   Code   RO         3448    i.vQueueWaitForMessageRestricted  queue.o
    0x080054d8   0x080054d8   0x0000008c   Code   RO         3849    i.vTaskDelayUntil   tasks.o
    0x08005564   0x08005564   0x00000010   Code   RO         3853    i.vTaskInternalSetTimeOutState  tasks.o
    0x08005574   0x08005574   0x0000000c   Code   RO         3854    i.vTaskMissedYield  tasks.o
    0x08005580   0x08005580   0x00000030   Code   RO         3856    i.vTaskPlaceOnEventList  tasks.o
    0x080055b0   0x080055b0   0x00000038   Code   RO         3857    i.vTaskPlaceOnEventListRestricted  tasks.o
    0x080055e8   0x080055e8   0x00000090   Code   RO         3859    i.vTaskPriorityDisinheritAfterTimeout  tasks.o
    0x08005678   0x08005678   0x00000088   Code   RO         3865    i.vTaskStartScheduler  tasks.o
    0x08005700   0x08005700   0x00000010   Code   RO         3867    i.vTaskSuspendAll   tasks.o
    0x08005710   0x08005710   0x00000064   Code   RO         3868    i.vTaskSwitchContext  tasks.o
    0x08005774   0x08005774   0x000000a8   Code   RO         4813    i.xPortStartScheduler  port.o
    0x0800581c   0x0800581c   0x0000003a   Code   RO         3449    i.xQueueCreateCountingSemaphore  queue.o
    0x08005856   0x08005856   0x00000040   Code   RO         3450    i.xQueueCreateCountingSemaphoreStatic  queue.o
    0x08005896   0x08005896   0x00000048   Code   RO         3453    i.xQueueGenericCreate  queue.o
    0x080058de   0x080058de   0x00000066   Code   RO         3454    i.xQueueGenericCreateStatic  queue.o
    0x08005944   0x08005944   0x00000088   Code   RO         3455    i.xQueueGenericReset  queue.o
    0x080059cc   0x080059cc   0x00000160   Code   RO         3456    i.xQueueGenericSend  queue.o
    0x08005b2c   0x08005b2c   0x000000bc   Code   RO         3457    i.xQueueGenericSendFromISR  queue.o
    0x08005be8   0x08005be8   0x0000009c   Code   RO         3460    i.xQueueGiveFromISR  queue.o
    0x08005c84   0x08005c84   0x00000138   Code   RO         3466    i.xQueueReceive     queue.o
    0x08005dbc   0x08005dbc   0x0000009a   Code   RO         3467    i.xQueueReceiveFromISR  queue.o
    0x08005e56   0x08005e56   0x00000002   PAD
    0x08005e58   0x08005e58   0x00000178   Code   RO         3468    i.xQueueSemaphoreTake  queue.o
    0x08005fd0   0x08005fd0   0x00000074   Code   RO         3869    i.xTaskCheckForTimeOut  tasks.o
    0x08006044   0x08006044   0x0000005a   Code   RO         3870    i.xTaskCreate       tasks.o
    0x0800609e   0x0800609e   0x00000056   Code   RO         3871    i.xTaskCreateStatic  tasks.o
    0x080060f4   0x080060f4   0x0000001c   Code   RO         3875    i.xTaskGetSchedulerState  tasks.o
    0x08006110   0x08006110   0x0000000c   Code   RO         3876    i.xTaskGetTickCount  tasks.o
    0x0800611c   0x0800611c   0x00000010   Code   RO         3877    i.xTaskGetTickCountFromISR  tasks.o
    0x0800612c   0x0800612c   0x000000c8   Code   RO         3878    i.xTaskIncrementTick  tasks.o
    0x080061f4   0x080061f4   0x00000080   Code   RO         3881    i.xTaskPriorityDisinherit  tasks.o
    0x08006274   0x08006274   0x00000078   Code   RO         3882    i.xTaskPriorityInherit  tasks.o
    0x080062ec   0x080062ec   0x00000070   Code   RO         3883    i.xTaskRemoveFromEventList  tasks.o
    0x0800635c   0x0800635c   0x000000c4   Code   RO         3884    i.xTaskResumeAll    tasks.o
    0x08006420   0x08006420   0x00000060   Code   RO         4194    i.xTimerCreateTimerTask  timers.o
    0x08006480   0x08006480   0x00000068   Code   RO         4195    i.xTimerGenericCommand  timers.o
    0x080064e8   0x080064e8   0x0000002c   Code   RO         5100    locale$$code        c_w.l(lc_numeric_c.o)
    0x08006514   0x08006514   0x00000150   Code   RO         4935    x$fpl$dadd          fz_ws.l(daddsub_clz.o)
    0x08006664   0x08006664   0x00000010   Code   RO         5102    x$fpl$dcheck1       fz_ws.l(dcheck1.o)
    0x08006674   0x08006674   0x00000018   Code   RO         5172    x$fpl$dcmpinf       fz_ws.l(dcmpi.o)
    0x0800668c   0x0800668c   0x000002b0   Code   RO         5000    x$fpl$ddiv          fz_ws.l(ddiv.o)
    0x0800693c   0x0800693c   0x0000005a   Code   RO         4941    x$fpl$dfixu         fz_ws.l(dfixu.o)
    0x08006996   0x08006996   0x0000002e   Code   RO         4946    x$fpl$dflt          fz_ws.l(dflt_clz.o)
    0x080069c4   0x080069c4   0x00000026   Code   RO         4945    x$fpl$dfltu         fz_ws.l(dflt_clz.o)
    0x080069ea   0x080069ea   0x00000002   PAD
    0x080069ec   0x080069ec   0x00000078   Code   RO         5104    x$fpl$dleqf         fz_ws.l(dleqf.o)
    0x08006a64   0x08006a64   0x00000154   Code   RO         4951    x$fpl$dmul          fz_ws.l(dmul.o)
    0x08006bb8   0x08006bb8   0x0000009c   Code   RO         5003    x$fpl$dnaninf       fz_ws.l(dnaninf.o)
    0x08006c54   0x08006c54   0x0000000c   Code   RO         5005    x$fpl$dretinf       fz_ws.l(dretinf.o)
    0x08006c60   0x08006c60   0x0000006c   Code   RO         5007    x$fpl$drleqf        fz_ws.l(drleqf.o)
    0x08006ccc   0x08006ccc   0x00000016   Code   RO         4936    x$fpl$drsb          fz_ws.l(daddsub_clz.o)
    0x08006ce2   0x08006ce2   0x00000002   PAD
    0x08006ce4   0x08006ce4   0x000001cc   Code   RO         5106    x$fpl$dsqrt         fz_ws.l(dsqrt_noumaal.o)
    0x08006eb0   0x08006eb0   0x000001d4   Code   RO         4937    x$fpl$dsub          fz_ws.l(daddsub_clz.o)
    0x08007084   0x08007084   0x00000056   Code   RO         4953    x$fpl$f2d           fz_ws.l(f2d.o)
    0x080070da   0x080070da   0x00000002   PAD
    0x080070dc   0x080070dc   0x000000c4   Code   RO         4955    x$fpl$fadd          fz_ws.l(faddsub_clz.o)
    0x080071a0   0x080071a0   0x00000184   Code   RO         4962    x$fpl$fdiv          fz_ws.l(fdiv.o)
    0x08007324   0x08007324   0x00000026   Code   RO         4965    x$fpl$ffltu         fz_ws.l(fflt_clz.o)
    0x0800734a   0x0800734a   0x00000002   PAD
    0x0800734c   0x0800734c   0x00000102   Code   RO         4971    x$fpl$fmul          fz_ws.l(fmul.o)
    0x0800744e   0x0800744e   0x0000008c   Code   RO         5009    x$fpl$fnaninf       fz_ws.l(fnaninf.o)
    0x080074da   0x080074da   0x0000000a   Code   RO         5011    x$fpl$fretinf       fz_ws.l(fretinf.o)
    0x080074e4   0x080074e4   0x00000014   Code   RO         4956    x$fpl$frsb          fz_ws.l(faddsub_clz.o)
    0x080074f8   0x080074f8   0x000000ea   Code   RO         4957    x$fpl$fsub          fz_ws.l(faddsub_clz.o)
    0x080075e2   0x080075e2   0x00000004   Code   RO         4973    x$fpl$printf1       fz_ws.l(printf1.o)
    0x080075e6   0x080075e6   0x00000064   Code   RO         5174    x$fpl$retnan        fz_ws.l(retnan.o)
    0x0800764a   0x0800764a   0x0000005c   Code   RO         5013    x$fpl$scalbn        fz_ws.l(scalbn.o)
    0x080076a6   0x080076a6   0x00000030   Code   RO         5182    x$fpl$trapveneer    fz_ws.l(trapv.o)
    0x080076d6   0x080076d6   0x00000000   Code   RO         5015    x$fpl$usenofp       fz_ws.l(usenofp.o)
    0x080076d6   0x080076d6   0x00000002   PAD
    0x080076d8   0x080076d8   0x000000a0   Data   RO          243    .constdata          main.o
    0x08007778   0x08007778   0x00000010   Data   RO         3229    .constdata          system_stm32f1xx.o
    0x08007788   0x08007788   0x00000008   Data   RO         3230    .constdata          system_stm32f1xx.o
    0x08007790   0x08007790   0x00000088   Data   RO         4977    .constdata          m_ws.l(pow.o)
    0x08007818   0x08007818   0x00000008   Data   RO         5034    .constdata          m_ws.l(qnan.o)
    0x08007820   0x08007820   0x00000094   Data   RO         5075    .constdata          c_w.l(bigflt0.o)
    0x080078b4   0x080078b4   0x0000003a   Data   RO          244    .conststring        main.o
    0x080078ee   0x080078ee   0x00000002   PAD
    0x080078f0   0x080078f0   0x00000020   Data   RO         5257    Region$$Table       anon$$obj.o
    0x08007910   0x08007910   0x0000001c   Data   RO         5099    locale$$data        c_w.l(lc_numeric_c.o)


    Execution Region RW_IRAM1 (Exec base: 0x20000000, Load base: 0x0800792c, Size: 0x00003828, Max: 0x00005000, ABSOLUTE)

    Exec Addr    Load Addr    Size         Type   Attr      Idx    E Section Name        Object

    0x20000000   0x0800792c   0x00000024   Data   RW          245    .data               main.o
    0x20000024   0x08007950   0x00000004   Data   RW          246    .data               main.o
    0x20000028   0x08007954   0x0000000c   Data   RW          947    .data               stm32f1xx_hal.o
    0x20000034   0x08007960   0x00000004   Data   RW         3231    .data               system_stm32f1xx.o
    0x20000038   0x08007964   0x0000003c   Data   RW         3887    .data               tasks.o
    0x20000074   0x080079a0   0x00000014   Data   RW         4203    .data               timers.o
    0x20000088   0x080079b4   0x00000004   Data   RW         4400    .data               cmsis_os2.o
    0x2000008c   0x080079b8   0x00000018   Data   RW         4763    .data               heap_4.o
    0x200000a4   0x080079d0   0x0000000c   Data   RW         4814    .data               port.o
    0x200000b0        -       0x000000d0   Zero   RW          242    .bss                main.o
    0x20000180        -       0x00000048   Zero   RW          574    .bss                stm32f1xx_hal_timebase_tim.o
    0x200001c8        -       0x00000040   Zero   RW         3470    .bss                queue.o
    0x20000208        -       0x000004c4   Zero   RW         3886    .bss                tasks.o
    0x200006cc        -       0x00000118   Zero   RW         4202    .bss                timers.o
    0x200007e4        -       0x000006b8   Zero   RW         4399    .bss                cmsis_os2.o
    0x20000e9c        -       0x00002328   Zero   RW         4762    .bss                heap_4.o
    0x200031c4        -       0x00000060   Zero   RW         5111    .bss                c_w.l(libspace.o)
    0x20003224   0x080079dc   0x00000004   PAD
    0x20003228        -       0x00000200   Zero   RW            2    HEAP                startup_stm32f103xb.o
    0x20003428        -       0x00000400   Zero   RW            1    STACK               startup_stm32f103xb.o


==============================================================================

Image component sizes


      Code (inc. data)   RO Data    RW Data    ZI Data      Debug   Object Name

       832         58          0          4       1720      20641   cmsis_os2.o
        50          0          0          0          0       2091   delay_timer.o
       454          0          0          0          0     453782   ds18b20.o
         0          0          0          0          0      20000   event_groups.o
         0          0          0          0          0       2608   freertos.o
       456         22          0         24       9000       4467   heap_4.o
       138          0          0          0          0       3190   list.o
      2100        620        218         40        208      21374   main.o
       662         70          0         12          0      10409   port.o
      2478         28          0          0         64      24936   queue.o
        64         26        236          0       1536        776   startup_stm32f103xb.o
       100         18          0         12          0       5010   stm32f1xx_hal.o
      1188         44          0          0          0       6435   stm32f1xx_hal_adc.o
         2          0          0          0          0        989   stm32f1xx_hal_adc_ex.o
       158         14          0          0          0      28010   stm32f1xx_hal_cortex.o
       222          4          0          0          0       1667   stm32f1xx_hal_dma.o
       500         34          0          0          0       3375   stm32f1xx_hal_gpio.o
       344         44          0          0          0       2650   stm32f1xx_hal_msp.o
      1336        110          0          0          0       5581   stm32f1xx_hal_rcc.o
       236         12          0          0          0       1316   stm32f1xx_hal_rcc_ex.o
      1052         40          0          0          0       9794   stm32f1xx_hal_tim.o
       108         12          0          0          0       2233   stm32f1xx_hal_tim_ex.o
       116         18          0          0         72       1315   stm32f1xx_hal_timebase_tim.o
      1432         10          0          0          0      10044   stm32f1xx_hal_uart.o
        48         18          0          0          0       3586   stm32f1xx_it.o
         0          0          0          0          0       8860   stream_buffer.o
         2          0         24          4          0       1011   system_stm32f1xx.o
      2432        196          0         60       1220      25681   tasks.o
       912         82          0         20        280      25479   timers.o

    ----------------------------------------------------------------------
     17462       1480        512        176      14100     707310   Object Totals
         0          0         32          0          0          0   (incl. Generated)
        40          0          2          0          0          0   (incl. Padding)

    ----------------------------------------------------------------------

      Code (inc. data)   RO Data    RW Data    ZI Data      Debug   Library Member Name

         8          0          0          0          0         68   __main.o
       284          0          0          0          0        156   __printf_wp.o
         0          0          0          0          0          0   __rtentry.o
        12          0          0          0          0          0   __rtentry2.o
         6          0          0          0          0          0   __rtentry4.o
        52          8          0          0          0          0   __scatter.o
        26          0          0          0          0          0   __scatter_copy.o
        28          0          0          0          0          0   __scatter_zi.o
        44          0          0          0          0        108   _printf_char.o
        48          6          0          0          0         96   _printf_char_common.o
        36          4          0          0          0         80   _printf_char_file.o
         6          0          0          0          0          0   _printf_d.o
       120         16          0          0          0         92   _printf_dec.o
         6          0          0          0          0          0   _printf_f.o
      1054          0          0          0          0        216   _printf_fp_dec.o
       128         16          0          0          0         84   _printf_fp_infnan.o
       178          0          0          0          0         88   _printf_intcommon.o
        78          0          0          0          0        108   _printf_pad.o
         0          0          0          0          0          0   _printf_percent.o
         4          0          0          0          0          0   _printf_percent_end.o
         6          0          0          0          0          0   _printf_s.o
        82          0          0          0          0         80   _printf_str.o
        22          0          0          0          0        100   _rserrno.o
        16          0          0          0          0         68   aeabi_memset.o
       228          4        148          0          0         96   bigflt0.o
      1936        128          0          0          0        672   btod.o
        18          0          0          0          0         80   exit.o
         6          0          0          0          0        152   heapauxi.o
         0          0          0          0          0          0   indicate_semi.o
        44         10         28          0          0         76   lc_numeric_c.o
         2          0          0          0          0          0   libinit.o
        18          0          0          0          0          0   libinit2.o
         2          0          0          0          0          0   libshutdown.o
         2          0          0          0          0          0   libshutdown2.o
         8          4          0          0         96         68   libspace.o
       138          0          0          0          0         80   lludiv10.o
        24          4          0          0          0         84   noretval__2printf.o
         8          4          0          0          0         68   rt_errno_addr_intlibspace.o
         8          4          0          0          0         68   rt_locale_intlibspace.o
        68          0          0          0          0         68   rt_memclr.o
        78          0          0          0          0         80   rt_memclr_w.o
       138          0          0          0          0         68   rt_memcpy_v6.o
       100          0          0          0          0         80   rt_memcpy_w.o
         2          0          0          0          0          0   rtexit.o
        10          0          0          0          0          0   rtexit2.o
       128          0          0          0          0         68   strcmpv7m.o
        12          4          0          0          0         68   sys_exit.o
        74          0          0          0          0         80   sys_stackheap_outer.o
         2          0          0          0          0         68   use_no_semi.o
       826         16          0          0          0        348   daddsub_clz.o
        16          4          0          0          0         68   dcheck1.o
        24          0          0          0          0         68   dcmpi.o
       688        140          0          0          0        208   ddiv.o
        90          4          0          0          0         92   dfixu.o
        84          0          0          0          0        136   dflt_clz.o
       120          4          0          0          0         92   dleqf.o
       340         12          0          0          0        104   dmul.o
       156          4          0          0          0         92   dnaninf.o
        12          0          0          0          0         68   dretinf.o
       108          0          0          0          0         80   drleqf.o
       460         56          0          0          0        120   dsqrt_noumaal.o
        86          4          0          0          0         84   f2d.o
       450          8          0          0          0        236   faddsub_clz.o
       388         76          0          0          0         96   fdiv.o
        38          0          0          0          0         68   fflt_clz.o
       258          4          0          0          0         84   fmul.o
       140          4          0          0          0         84   fnaninf.o
        10          0          0          0          0         68   fretinf.o
         4          0          0          0          0         68   printf1.o
       100          0          0          0          0         68   retnan.o
        92          0          0          0          0         68   scalbn.o
        48          0          0          0          0         68   trapv.o
         0          0          0          0          0          0   usenofp.o
        62         10          0          0          0        340   dunder.o
        40          0          0          0          0         68   fpclassify.o
       170          0          0          0          0         96   poly.o
      2520        190        136          0          0        324   pow.o
         0          0          8          0          0          0   qnan.o
        76          0          0          0          0         84   sqrt.o

    ----------------------------------------------------------------------
     12726        748        320          0        100       6748   Library Totals
        22          0          0          0          4          0   (incl. Padding)

    ----------------------------------------------------------------------

      Code (inc. data)   RO Data    RW Data    ZI Data      Debug   Library Name

      5298        212        176          0         96       3368   c_w.l
      4538        336          0          0          0       2468   fz_ws.l
      2868        200        144          0          0        912   m_ws.l

    ----------------------------------------------------------------------
     12726        748        320          0        100       6748   Library Totals

    ----------------------------------------------------------------------

==============================================================================


      Code (inc. data)   RO Data    RW Data    ZI Data      Debug   

     30188       2228        832        176      14200     700586   Grand Totals
     30188       2228        832        176      14200     700586   ELF Image Totals
     30188       2228        832        176          0          0   ROM Totals

==============================================================================

    Total RO  Size (Code + RO Data)                31020 (  30.29kB)
    Total RW  Size (RW Data + ZI Data)             14376 (  14.04kB)
    Total ROM Size (Code + RO Data + RW Data)      31196 (  30.46kB)

==============================================================================

